Archive member included to satisfy reference by file (symbol)

/Users/pscan/opt/gcc-arm-none-eabi-7-2017-q4-major/bin/../lib/gcc/arm-none-eabi/7.2.1/../../../../arm-none-eabi/lib/thumb/v6-m/libstdc++_nano.a(del_op.o)
                              ./src/OSC/OSCMessage.o (operator delete(void*))
/Users/pscan/opt/gcc-arm-none-eabi-7-2017-q4-major/bin/../lib/gcc/arm-none-eabi/7.2.1/../../../../arm-none-eabi/lib/thumb/v6-m/libstdc++_nano.a(new_op.o)
                              ./src/OSC/OSCMessage.o (operator new(unsigned int))
/Users/pscan/opt/gcc-arm-none-eabi-7-2017-q4-major/bin/../lib/gcc/arm-none-eabi/7.2.1/../../../../arm-none-eabi/lib/thumb/v6-m/libstdc++_nano.a(new_handler.o)
                              /Users/pscan/opt/gcc-arm-none-eabi-7-2017-q4-major/bin/../lib/gcc/arm-none-eabi/7.2.1/../../../../arm-none-eabi/lib/thumb/v6-m/libstdc++_nano.a(new_op.o) (std::get_new_handler())
/Users/pscan/opt/gcc-arm-none-eabi-7-2017-q4-major/bin/../lib/gcc/arm-none-eabi/7.2.1/thumb/v6-m/libgcc.a(_udivsi3.o)
                              ./system/src/stm32f0-stdperiph/stm32f0xx_rcc.o (__aeabi_uidiv)
/Users/pscan/opt/gcc-arm-none-eabi-7-2017-q4-major/bin/../lib/gcc/arm-none-eabi/7.2.1/thumb/v6-m/libgcc.a(_dvmd_tls.o)
                              /Users/pscan/opt/gcc-arm-none-eabi-7-2017-q4-major/bin/../lib/gcc/arm-none-eabi/7.2.1/thumb/v6-m/libgcc.a(_udivsi3.o) (__aeabi_idiv0)
/Users/pscan/opt/gcc-arm-none-eabi-7-2017-q4-major/bin/../lib/gcc/arm-none-eabi/7.2.1/../../../../arm-none-eabi/lib/thumb/v6-m/libg_nano.a(lib_a-errno.o)
                              ./system/src/newlib/_sbrk.o (__errno)
/Users/pscan/opt/gcc-arm-none-eabi-7-2017-q4-major/bin/../lib/gcc/arm-none-eabi/7.2.1/../../../../arm-none-eabi/lib/thumb/v6-m/libg_nano.a(lib_a-impure.o)
                              /Users/pscan/opt/gcc-arm-none-eabi-7-2017-q4-major/bin/../lib/gcc/arm-none-eabi/7.2.1/../../../../arm-none-eabi/lib/thumb/v6-m/libg_nano.a(lib_a-errno.o) (_impure_ptr)
/Users/pscan/opt/gcc-arm-none-eabi-7-2017-q4-major/bin/../lib/gcc/arm-none-eabi/7.2.1/../../../../arm-none-eabi/lib/thumb/v6-m/libg_nano.a(lib_a-malloc.o)
                              ./src/OSC/OSCData.o (malloc)
/Users/pscan/opt/gcc-arm-none-eabi-7-2017-q4-major/bin/../lib/gcc/arm-none-eabi/7.2.1/../../../../arm-none-eabi/lib/thumb/v6-m/libg_nano.a(lib_a-memcpy-stub.o)
                              ./src/OSC/OSCData.o (memcpy)
/Users/pscan/opt/gcc-arm-none-eabi-7-2017-q4-major/bin/../lib/gcc/arm-none-eabi/7.2.1/../../../../arm-none-eabi/lib/thumb/v6-m/libg_nano.a(lib_a-nano-freer.o)
                              /Users/pscan/opt/gcc-arm-none-eabi-7-2017-q4-major/bin/../lib/gcc/arm-none-eabi/7.2.1/../../../../arm-none-eabi/lib/thumb/v6-m/libg_nano.a(lib_a-malloc.o) (_free_r)
/Users/pscan/opt/gcc-arm-none-eabi-7-2017-q4-major/bin/../lib/gcc/arm-none-eabi/7.2.1/../../../../arm-none-eabi/lib/thumb/v6-m/libg_nano.a(lib_a-nano-mallocr.o)
                              /Users/pscan/opt/gcc-arm-none-eabi-7-2017-q4-major/bin/../lib/gcc/arm-none-eabi/7.2.1/../../../../arm-none-eabi/lib/thumb/v6-m/libg_nano.a(lib_a-malloc.o) (_malloc_r)
/Users/pscan/opt/gcc-arm-none-eabi-7-2017-q4-major/bin/../lib/gcc/arm-none-eabi/7.2.1/../../../../arm-none-eabi/lib/thumb/v6-m/libg_nano.a(lib_a-realloc.o)
                              ./src/OSC/OSCMessage.o (realloc)
/Users/pscan/opt/gcc-arm-none-eabi-7-2017-q4-major/bin/../lib/gcc/arm-none-eabi/7.2.1/../../../../arm-none-eabi/lib/thumb/v6-m/libg_nano.a(lib_a-sbrkr.o)
                              /Users/pscan/opt/gcc-arm-none-eabi-7-2017-q4-major/bin/../lib/gcc/arm-none-eabi/7.2.1/../../../../arm-none-eabi/lib/thumb/v6-m/libg_nano.a(lib_a-nano-mallocr.o) (_sbrk_r)
/Users/pscan/opt/gcc-arm-none-eabi-7-2017-q4-major/bin/../lib/gcc/arm-none-eabi/7.2.1/../../../../arm-none-eabi/lib/thumb/v6-m/libg_nano.a(lib_a-sprintf.o)
                              ./src/main.o (sprintf)
/Users/pscan/opt/gcc-arm-none-eabi-7-2017-q4-major/bin/../lib/gcc/arm-none-eabi/7.2.1/../../../../arm-none-eabi/lib/thumb/v6-m/libg_nano.a(lib_a-strcmp.o)
                              ./src/OSC/OSCMatch.o (strcmp)
/Users/pscan/opt/gcc-arm-none-eabi-7-2017-q4-major/bin/../lib/gcc/arm-none-eabi/7.2.1/../../../../arm-none-eabi/lib/thumb/v6-m/libg_nano.a(lib_a-strcpy.o)
                              ./src/OSC/OSCData.o (strcpy)
/Users/pscan/opt/gcc-arm-none-eabi-7-2017-q4-major/bin/../lib/gcc/arm-none-eabi/7.2.1/../../../../arm-none-eabi/lib/thumb/v6-m/libg_nano.a(lib_a-strlen.o)
                              ./src/OSC/OSCData.o (strlen)
/Users/pscan/opt/gcc-arm-none-eabi-7-2017-q4-major/bin/../lib/gcc/arm-none-eabi/7.2.1/../../../../arm-none-eabi/lib/thumb/v6-m/libg_nano.a(lib_a-strncmp.o)
                              ./src/OSC/OSCMatch.o (strncmp)
/Users/pscan/opt/gcc-arm-none-eabi-7-2017-q4-major/bin/../lib/gcc/arm-none-eabi/7.2.1/../../../../arm-none-eabi/lib/thumb/v6-m/libg_nano.a(lib_a-strncpy.o)
                              ./src/OSC/OSCData.o (strncpy)
[...]
Memory Configuration

Name             Origin             Length             Attributes
RAM              0x0000000020000000 0x0000000000002000 xrw
CCMRAM           0x0000000000000000 0x0000000000000000 xrw
FLASH            0x0000000008000000 0x0000000000010000 xr
FLASHB1          0x0000000000000000 0x0000000000000000 xr
EXTMEMB0         0x0000000000000000 0x0000000000000000 xr
EXTMEMB1         0x0000000000000000 0x0000000000000000 xr
EXTMEMB2         0x0000000000000000 0x0000000000000000 xr
EXTMEMB3         0x0000000000000000 0x0000000000000000 xr
MEMORY_ARRAY     0x0000000000000000 0x0000000000000000 xrw
*default*        0x0000000000000000 0xffffffffffffffff

Linker script and memory map

LOAD ./system/src/stm32f0-stdperiph/stm32f0xx_adc.o
LOAD ./system/src/stm32f0-stdperiph/stm32f0xx_dma.o
LOAD ./system/src/stm32f0-stdperiph/stm32f0xx_gpio.o
LOAD ./system/src/stm32f0-stdperiph/stm32f0xx_misc.o
LOAD ./system/src/stm32f0-stdperiph/stm32f0xx_rcc.o
LOAD ./system/src/stm32f0-stdperiph/stm32f0xx_spi.o
LOAD ./system/src/stm32f0-stdperiph/stm32f0xx_usart.o
LOAD ./system/src/newlib/_cxx.o
LOAD ./system/src/newlib/_exit.o
LOAD ./system/src/newlib/_sbrk.o
LOAD ./system/src/newlib/_startup.o
LOAD ./system/src/newlib/_syscalls.o
LOAD ./system/src/newlib/_write.o
LOAD ./system/src/newlib/assert.o
LOAD ./system/src/diag/Trace.o
LOAD ./system/src/diag/trace_impl.o
LOAD ./system/src/cortexm/_initialize_hardware.o
LOAD ./system/src/cortexm/_reset_hardware.o
LOAD ./system/src/cortexm/exception_handlers.o
LOAD ./system/src/cmsis/system_stm32f0xx.o
LOAD ./system/src/cmsis/vectors_stm32f0xx.o
LOAD ./src/OSC/OSCData.o
LOAD ./src/OSC/OSCMatch.o
LOAD ./src/OSC/OSCMessage.o
LOAD ./src/OSC/OSCTiming.o
LOAD ./src/OSC/SimpleWriter.o
LOAD ./src/BlinkLed.o
LOAD ./src/SLIPEncodedSerial.o
LOAD ./src/Timer.o
LOAD ./src/main.o
LOAD ./src/spi.o
LOAD ./src/ssd1306.o
LOAD ./src/uart.o
LOAD /Users/pscan/opt/gcc-arm-none-eabi-7-2017-q4-major/bin/../lib/gcc/arm-none-eabi/7.2.1/../../../../arm-none-eabi/lib/thumb/v6-m/libstdc++_nano.a
LOAD /Users/pscan/opt/gcc-arm-none-eabi-7-2017-q4-major/bin/../lib/gcc/arm-none-eabi/7.2.1/../../../../arm-none-eabi/lib/thumb/v6-m/libm.a
START GROUP
LOAD /Users/pscan/opt/gcc-arm-none-eabi-7-2017-q4-major/bin/../lib/gcc/arm-none-eabi/7.2.1/thumb/v6-m/libgcc.a
LOAD /Users/pscan/opt/gcc-arm-none-eabi-7-2017-q4-major/bin/../lib/gcc/arm-none-eabi/7.2.1/../../../../arm-none-eabi/lib/thumb/v6-m/libg_nano.a
LOAD /Users/pscan/opt/gcc-arm-none-eabi-7-2017-q4-major/bin/../lib/gcc/arm-none-eabi/7.2.1/../../../../arm-none-eabi/lib/thumb/v6-m/libc_nano.a
END GROUP
START GROUP
LOAD /Users/pscan/opt/gcc-arm-none-eabi-7-2017-q4-major/bin/../lib/gcc/arm-none-eabi/7.2.1/thumb/v6-m/libgcc.a
LOAD /Users/pscan/opt/gcc-arm-none-eabi-7-2017-q4-major/bin/../lib/gcc/arm-none-eabi/7.2.1/../../../../arm-none-eabi/lib/thumb/v6-m/libc_nano.a
END GROUP
                0x0000000020002000                __stack = (ORIGIN (RAM) + LENGTH (RAM))
                0x0000000020002000                _estack = __stack
                0x0000000000000400                __Main_Stack_Size = 0x400
                [!provide]                        PROVIDE (_Main_Stack_Size, __Main_Stack_Size)
                0x0000000020001c00                __Main_Stack_Limit = (__stack - __Main_Stack_Size)
                [!provide]                        PROVIDE (_Main_Stack_Limit, __Main_Stack_Limit)
                0x0000000000000100                _Minimum_Stack_Size = 0x100
                0x0000000020000cb8                PROVIDE (_Heap_Begin, _end_noinit)
                0x0000000020001c00                PROVIDE (_Heap_Limit, (__stack - __Main_Stack_Size))

.isr_vector     0x0000000008000000      0x1e8
                0x0000000008000000                . = ALIGN (0x4)
 *(.isr_vector)
 .isr_vector    0x0000000008000000       0xc4 ./system/src/cmsis/vectors_stm32f0xx.o
                0x0000000008000000                g_pfnVectors
 *(.cfmconfig)
 *(.after_vectors .after_vectors.*)
 .after_vectors
                0x00000000080000c4      0x110 ./system/src/newlib/_startup.o
                0x00000000080000c4                _start
 .after_vectors
                0x00000000080001d4       0x10 ./system/src/cortexm/exception_handlers.o
                0x00000000080001d4                Reset_Handler
                0x00000000080001da                NMI_Handler
                0x00000000080001dc                HardFault_Handler
                0x00000000080001de                SVC_Handler
                0x00000000080001e0                PendSV_Handler
 .after_vectors
                0x00000000080001e4        0x2 ./system/src/cmsis/vectors_stm32f0xx.o
                0x00000000080001e4                TIM1_BRK_UP_TRG_COM_IRQHandler
                0x00000000080001e4                TSC_IRQHandler
                0x00000000080001e4                ADC1_COMP_IRQHandler
                0x00000000080001e4                PVD_IRQHandler
                0x00000000080001e4                I2C1_IRQHandler
                0x00000000080001e4                RCC_CRS_IRQHandler
                0x00000000080001e4                SPI1_IRQHandler
                0x00000000080001e4                TIM6_DAC_IRQHandler
                0x00000000080001e4                USART3_4_IRQHandler
                0x00000000080001e4                EXTI2_3_IRQHandler
                0x00000000080001e4                ADC1_IRQHandler
                0x00000000080001e4                I2C2_IRQHandler
                0x00000000080001e4                TIM17_IRQHandler
                0x00000000080001e4                CEC_CAN_IRQHandler
                0x00000000080001e4                RTC_IRQHandler
                0x00000000080001e4                PVD_VDDIO2_IRQHandler
                0x00000000080001e4                DMA1_Channel4_5_6_7_IRQHandler
                0x00000000080001e4                TIM16_IRQHandler
                0x00000000080001e4                TIM3_IRQHandler
                0x00000000080001e4                RCC_IRQHandler
                0x00000000080001e4                EXTI4_15_IRQHandler
                0x00000000080001e4                DMA1_Channel1_IRQHandler
                0x00000000080001e4                Default_Handler
                0x00000000080001e4                CEC_IRQHandler
                0x00000000080001e4                TIM14_IRQHandler
                0x00000000080001e4                DMA1_Channel4_5_IRQHandler
                0x00000000080001e4                TIM7_IRQHandler
                0x00000000080001e4                TIM15_IRQHandler
                0x00000000080001e4                EXTI0_1_IRQHandler
                0x00000000080001e4                USB_IRQHandler
                0x00000000080001e4                TS_IRQHandler
                0x00000000080001e4                WWDG_IRQHandler
                0x00000000080001e4                TIM2_IRQHandler
                0x00000000080001e4                DMA1_Channel2_3_IRQHandler
                0x00000000080001e4                FLASH_IRQHandler
                0x00000000080001e4                USART1_IRQHandler
                0x00000000080001e4                TIM1_CC_IRQHandler
                0x00000000080001e8                . = ALIGN (0x4)
 *fill*         0x00000000080001e6        0x2 

.inits          0x00000000080001e8        0x4
                0x00000000080001e8                . = ALIGN (0x4)
 *(.init)
 *(.fini)
                0x00000000080001e8                . = ALIGN (0x4)
                0x00000000080001e8                PROVIDE (__preinit_array_start, .)
 *(.preinit_array_sysinit .preinit_array_sysinit.*)
 *(.preinit_array_platform .preinit_array_platform.*)
 *(.preinit_array .preinit_array.*)
                0x00000000080001e8                PROVIDE (__preinit_array_end, .)
                0x00000000080001e8                . = ALIGN (0x4)
                0x00000000080001e8                PROVIDE (__init_array_start, .)
 *(SORT_BY_NAME(.init_array.*))
 *(.init_array)
 .init_array    0x00000000080001e8        0x4 ./src/main.o
                0x00000000080001ec                PROVIDE (__init_array_end, .)
                0x00000000080001ec                . = ALIGN (0x4)
                0x00000000080001ec                PROVIDE (__fini_array_start, .)
 *(SORT_BY_NAME(.fini_array.*))
 *(.fini_array)
                0x00000000080001ec                PROVIDE (__fini_array_end, .)
                0x00000000080001ec                . = ALIGN (0x4)

.flashtext      0x00000000080001ec        0x0
                0x00000000080001ec                . = ALIGN (0x4)
 *(.flashtext .flashtext.*)
                0x00000000080001ec                . = ALIGN (0x4)

.text           0x00000000080001ec     0x533a
                0x00000000080001ec                . = ALIGN (0x4)
 *(.text .text.*)
 .text.ADC_DeInit
                0x00000000080001ec       0x38 ./system/src/stm32f0-stdperiph/stm32f0xx_adc.o
                0x00000000080001ec                ADC_DeInit
 .text.ADC_Init
                0x0000000008000224       0xe4 ./system/src/stm32f0-stdperiph/stm32f0xx_adc.o
                0x0000000008000224                ADC_Init
 .text.ADC_StructInit
                0x0000000008000308       0x10 ./system/src/stm32f0-stdperiph/stm32f0xx_adc.o
                0x0000000008000308                ADC_StructInit
 .text.ADC_Cmd  0x0000000008000318       0x44 ./system/src/stm32f0-stdperiph/stm32f0xx_adc.o
                0x0000000008000318                ADC_Cmd
 .text.ADC_ChannelConfig
                0x000000000800035c       0x50 ./system/src/stm32f0-stdperiph/stm32f0xx_adc.o
                0x000000000800035c                ADC_ChannelConfig
 .text.ADC_GetCalibrationFactor
                0x00000000080003ac       0x48 ./system/src/stm32f0-stdperiph/stm32f0xx_adc.o
                0x00000000080003ac                ADC_GetCalibrationFactor
 .text.ADC_StartOfConversion
                0x00000000080003f4       0x28 ./system/src/stm32f0-stdperiph/stm32f0xx_adc.o
                0x00000000080003f4                ADC_StartOfConversion
 .text.ADC_DMACmd
                0x000000000800041c       0x48 ./system/src/stm32f0-stdperiph/stm32f0xx_adc.o
                0x000000000800041c                ADC_DMACmd
 .text.ADC_DMARequestModeConfig
                0x0000000008000464       0x30 ./system/src/stm32f0-stdperiph/stm32f0xx_adc.o
                0x0000000008000464                ADC_DMARequestModeConfig
 .text.ADC_GetFlagStatus
                0x0000000008000494       0x90 ./system/src/stm32f0-stdperiph/stm32f0xx_adc.o
                0x0000000008000494                ADC_GetFlagStatus
 .text.DMA_DeInit
                0x0000000008000524       0xf8 ./system/src/stm32f0-stdperiph/stm32f0xx_dma.o
                0x0000000008000524                DMA_DeInit
 .text.DMA_Init
                0x000000000800061c      0x178 ./system/src/stm32f0-stdperiph/stm32f0xx_dma.o
                0x000000000800061c                DMA_Init
 .text.DMA_StructInit
                0x0000000008000794       0x1a ./system/src/stm32f0-stdperiph/stm32f0xx_dma.o
                0x0000000008000794                DMA_StructInit
 *fill*         0x00000000080007ae        0x2 
 .text.DMA_Cmd  0x00000000080007b0       0x88 ./system/src/stm32f0-stdperiph/stm32f0xx_dma.o
                0x00000000080007b0                DMA_Cmd
 .text.DMA_GetFlagStatus
                0x0000000008000838       0xe4 ./system/src/stm32f0-stdperiph/stm32f0xx_dma.o
                0x0000000008000838                DMA_GetFlagStatus
 .text.DMA_ClearFlag
                0x000000000800091c       0x24 ./system/src/stm32f0-stdperiph/stm32f0xx_dma.o
                0x000000000800091c                DMA_ClearFlag
 .text.GPIO_Init
                0x0000000008000940      0x120 ./system/src/stm32f0-stdperiph/stm32f0xx_gpio.o
                0x0000000008000940                GPIO_Init
 .text.GPIO_StructInit
                0x0000000008000a60       0x18 ./system/src/stm32f0-stdperiph/stm32f0xx_gpio.o
                0x0000000008000a60                GPIO_StructInit
 .text.GPIO_ReadInputDataBit
                0x0000000008000a78       0xc8 ./system/src/stm32f0-stdperiph/stm32f0xx_gpio.o
                0x0000000008000a78                GPIO_ReadInputDataBit
 .text.GPIO_SetBits
                0x0000000008000b40       0x64 ./system/src/stm32f0-stdperiph/stm32f0xx_gpio.o
                0x0000000008000b40                GPIO_SetBits
 .text.GPIO_ResetBits
                0x0000000008000ba4       0x64 ./system/src/stm32f0-stdperiph/stm32f0xx_gpio.o
                0x0000000008000ba4                GPIO_ResetBits
 .text.GPIO_PinAFConfig
                0x0000000008000c08       0x98 ./system/src/stm32f0-stdperiph/stm32f0xx_gpio.o
                0x0000000008000c08                GPIO_PinAFConfig
 .text.NVIC_Init
                0x0000000008000ca0       0x78 ./system/src/stm32f0-stdperiph/stm32f0xx_misc.o
                0x0000000008000ca0                NVIC_Init
 .text.RCC_GetClocksFreq
                0x0000000008000d18      0x1a4 ./system/src/stm32f0-stdperiph/stm32f0xx_rcc.o
                0x0000000008000d18                RCC_GetClocksFreq
 .text.RCC_AHBPeriphClockCmd
                0x0000000008000ebc       0x54 ./system/src/stm32f0-stdperiph/stm32f0xx_rcc.o
                0x0000000008000ebc                RCC_AHBPeriphClockCmd
 .text.RCC_APB2PeriphClockCmd
                0x0000000008000f10       0x54 ./system/src/stm32f0-stdperiph/stm32f0xx_rcc.o
                0x0000000008000f10                RCC_APB2PeriphClockCmd
 .text.RCC_APB1PeriphClockCmd
                0x0000000008000f64       0x50 ./system/src/stm32f0-stdperiph/stm32f0xx_rcc.o
                0x0000000008000f64                RCC_APB1PeriphClockCmd
 .text.RCC_APB2PeriphResetCmd
                0x0000000008000fb4       0x50 ./system/src/stm32f0-stdperiph/stm32f0xx_rcc.o
                0x0000000008000fb4                RCC_APB2PeriphResetCmd
 .text.SPI_StructInit
                0x0000000008001004       0x1c ./system/src/stm32f0-stdperiph/stm32f0xx_spi.o
                0x0000000008001004                SPI_StructInit
 .text.SPI_Init
                0x0000000008001020      0x1d4 ./system/src/stm32f0-stdperiph/stm32f0xx_spi.o
                0x0000000008001020                SPI_Init
 .text.SPI_Cmd  0x00000000080011f4       0x50 ./system/src/stm32f0-stdperiph/stm32f0xx_spi.o
                0x00000000080011f4                SPI_Cmd
 .text.SPI_SendData8
                0x0000000008001244       0x30 ./system/src/stm32f0-stdperiph/stm32f0xx_spi.o
                0x0000000008001244                SPI_SendData8
 .text.SPI_I2S_GetFlagStatus
                0x0000000008001274       0x70 ./system/src/stm32f0-stdperiph/stm32f0xx_spi.o
                0x0000000008001274                SPI_I2S_GetFlagStatus
 .text.USART_Init
                0x00000000080012e4      0x1b8 ./system/src/stm32f0-stdperiph/stm32f0xx_usart.o
                0x00000000080012e4                USART_Init
 .text.USART_StructInit
                0x000000000800149c       0x16 ./system/src/stm32f0-stdperiph/stm32f0xx_usart.o
                0x000000000800149c                USART_StructInit
 *fill*         0x00000000080014b2        0x2 
 .text.USART_Cmd
                0x00000000080014b4       0x64 ./system/src/stm32f0-stdperiph/stm32f0xx_usart.o
                0x00000000080014b4                USART_Cmd
 .text.USART_SendData
                0x0000000008001518       0x60 ./system/src/stm32f0-stdperiph/stm32f0xx_usart.o
                0x0000000008001518                USART_SendData
 .text.USART_ReceiveData
                0x0000000008001578       0x44 ./system/src/stm32f0-stdperiph/stm32f0xx_usart.o
                0x0000000008001578                USART_ReceiveData
 .text.USART_ITConfig
                0x00000000080015bc      0x108 ./system/src/stm32f0-stdperiph/stm32f0xx_usart.o
                0x00000000080015bc                USART_ITConfig
 .text.USART_GetFlagStatus
                0x00000000080016c4       0xe8 ./system/src/stm32f0-stdperiph/stm32f0xx_usart.o
                0x00000000080016c4                USART_GetFlagStatus
 .text.USART_GetITStatus
                0x00000000080017ac      0x118 ./system/src/stm32f0-stdperiph/stm32f0xx_usart.o
                0x00000000080017ac                USART_GetITStatus
 .text._exit    0x00000000080018c4        0x2 ./system/src/newlib/_exit.o
                0x00000000080018c4                _exit
 .text.abort    0x00000000080018c6        0x8 ./system/src/newlib/_exit.o
                0x00000000080018c6                abort
 *fill*         0x00000000080018ce        0x2 
 .text._sbrk    0x00000000080018d0       0x48 ./system/src/newlib/_sbrk.o
                0x00000000080018d0                _sbrk
 .text.__initialize_args
                0x0000000008001918       0x10 ./system/src/newlib/_syscalls.o
                0x0000000008001918                __initialize_args
 .text.assert_failed
                0x0000000008001928        0x6 ./system/src/newlib/assert.o
                0x0000000008001928                assert_failed
 .text.__initialize_hardware
                0x000000000800192e        0x8 ./system/src/cortexm/_initialize_hardware.o
                0x000000000800192e                __initialize_hardware
 *fill*         0x0000000008001936        0x2 
 .text.SetSysClock
                0x0000000008001938       0xb4 ./system/src/cmsis/system_stm32f0xx.o
 .text.SystemInit
                0x00000000080019ec       0x64 ./system/src/cmsis/system_stm32f0xx.o
                0x00000000080019ec                SystemInit
 .text._ZN7OSCDataC2EPKc
                0x0000000008001a50       0x32 ./src/OSC/OSCData.o
                0x0000000008001a50                OSCData::OSCData(char const*)
                0x0000000008001a50                OSCData::OSCData(char const*)
 .text._ZN7OSCDataC2El
                0x0000000008001a82       0x10 ./src/OSC/OSCData.o
                0x0000000008001a82                OSCData::OSCData(long)
                0x0000000008001a82                OSCData::OSCData(long)
 .text._ZN7OSCDataC2Ei
                0x0000000008001a92       0x10 ./src/OSC/OSCData.o
                0x0000000008001a92                OSCData::OSCData(int)
                0x0000000008001a92                OSCData::OSCData(int)
 .text._ZN7OSCDataC2Ef
                0x0000000008001aa2       0x10 ./src/OSC/OSCData.o
                0x0000000008001aa2                OSCData::OSCData(float)
                0x0000000008001aa2                OSCData::OSCData(float)
 .text._ZN7OSCDataC2E9osctime_t
                0x0000000008001ab2       0x22 ./src/OSC/OSCData.o
                0x0000000008001ab2                OSCData::OSCData(osctime_t)
                0x0000000008001ab2                OSCData::OSCData(osctime_t)
 .text._ZN7OSCDataC2Ed
                0x0000000008001ad4       0x12 ./src/OSC/OSCData.o
                0x0000000008001ad4                OSCData::OSCData(double)
                0x0000000008001ad4                OSCData::OSCData(double)
 .text._ZN7OSCDataC2EPhi
                0x0000000008001ae6       0x6c ./src/OSC/OSCData.o
                0x0000000008001ae6                OSCData::OSCData(unsigned char*, int)
                0x0000000008001ae6                OSCData::OSCData(unsigned char*, int)
 .text._ZN7OSCDataD2Ev
                0x0000000008001b52       0x28 ./src/OSC/OSCData.o
                0x0000000008001b52                OSCData::~OSCData()
                0x0000000008001b52                OSCData::~OSCData()
 .text._ZN7OSCDataC2Ec
                0x0000000008001b7a        0xc ./src/OSC/OSCData.o
                0x0000000008001b7a                OSCData::OSCData(char)
                0x0000000008001b7a                OSCData::OSCData(char)
 .text._ZN7OSCData6getIntEv
                0x0000000008001b86        0xe ./src/OSC/OSCData.o
                0x0000000008001b86                OSCData::getInt()
 .text._ZN7OSCData7getBlobEPhi
                0x0000000008001b94       0x26 ./src/OSC/OSCData.o
                0x0000000008001b94                OSCData::getBlob(unsigned char*, int)
 .text.osc_match_bracket
                0x0000000008001bba       0x56 ./src/OSC/OSCMatch.o
 .text.osc_match_curly_brace
                0x0000000008001c10       0x50 ./src/OSC/OSCMatch.o
 .text.osc_match_single_char
                0x0000000008001c60       0x5c ./src/OSC/OSCMatch.o
 .text.osc_match_star_r
                0x0000000008001cbc       0x90 ./src/OSC/OSCMatch.o
 .text.osc_match_star
                0x0000000008001d4c      0x12c ./src/OSC/OSCMatch.o
 .text.osc_match
                0x0000000008001e78      0x10c ./src/OSC/OSCMatch.o
                0x0000000008001e78                osc_match
 .text._ZN10OSCMessage10getOSCDataEi
                0x0000000008001f84       0x16 ./src/OSC/OSCMessage.o
                0x0000000008001f84                OSCMessage::getOSCData(int)
 .text._ZN10OSCMessage9fullMatchEPKci
                0x0000000008001f9a       0x1c ./src/OSC/OSCMessage.o
                0x0000000008001f9a                OSCMessage::fullMatch(char const*, int)
 .text._ZN10OSCMessage8dispatchEPKcPFvRS_Ei
                0x0000000008001fb6       0x18 ./src/OSC/OSCMessage.o
                0x0000000008001fb6                OSCMessage::dispatch(char const*, void (*)(OSCMessage&), int)
 .text._ZN10OSCMessage10setAddressEPKc
                0x0000000008001fce       0x30 ./src/OSC/OSCMessage.o
                0x0000000008001fce                OSCMessage::setAddress(char const*)
 .text._ZN10OSCMessage8hasErrorEv
                0x0000000008001ffe       0x2c ./src/OSC/OSCMessage.o
                0x0000000008001ffe                OSCMessage::hasError()
 .text._ZN10OSCMessage6getIntEi
                0x000000000800202a       0x20 ./src/OSC/OSCMessage.o
                0x000000000800202a                OSCMessage::getInt(int)
 .text._ZN10OSCMessage7getBlobEiPhi
                0x000000000800204a       0x2e ./src/OSC/OSCMessage.o
                0x000000000800204a                OSCMessage::getBlob(int, unsigned char*, int)
 .text._ZN10OSCMessage7getTypeEi
                0x0000000008002078       0x1e ./src/OSC/OSCMessage.o
                0x0000000008002078                OSCMessage::getType(int)
 .text._ZN10OSCMessage8testTypeEic
                0x0000000008002096       0x26 ./src/OSC/OSCMessage.o
                0x0000000008002096                OSCMessage::testType(int, char)
 .text._ZN10OSCMessage5isIntEi
                0x00000000080020bc        0xa ./src/OSC/OSCMessage.o
                0x00000000080020bc                OSCMessage::isInt(int)
 .text._ZN10OSCMessage6isBlobEi
                0x00000000080020c6        0xa ./src/OSC/OSCMessage.o
                0x00000000080020c6                OSCMessage::isBlob(int)
 .text._ZN10OSCMessage4sendER12SimpleWriter
                0x00000000080020d0      0x186 ./src/OSC/OSCMessage.o
                0x00000000080020d0                OSCMessage::send(SimpleWriter&)
 .text._ZN10OSCMessage10decodeTypeEh
                0x0000000008002256       0x44 ./src/OSC/OSCMessage.o
                0x0000000008002256                OSCMessage::decodeType(unsigned char)
 .text._ZN10OSCMessage19addToIncomingBufferEh
                0x000000000800229a       0x42 ./src/OSC/OSCMessage.o
                0x000000000800229a                OSCMessage::addToIncomingBuffer(unsigned char)
 .text._ZN10OSCMessage19clearIncomingBufferEv
                0x00000000080022dc       0x26 ./src/OSC/OSCMessage.o
                0x00000000080022dc                OSCMessage::clearIncomingBuffer()
 .text._ZN10OSCMessage12setupMessageEv
                0x0000000008002302       0x1c ./src/OSC/OSCMessage.o
                0x0000000008002302                OSCMessage::setupMessage()
 .text._ZN10OSCMessageC2EPKc
                0x000000000800231e       0x16 ./src/OSC/OSCMessage.o
                0x000000000800231e                OSCMessage::OSCMessage(char const*)
                0x000000000800231e                OSCMessage::OSCMessage(char const*)
 .text._ZN10OSCMessageC2Ev
                0x0000000008002334       0x10 ./src/OSC/OSCMessage.o
                0x0000000008002334                OSCMessage::OSCMessage()
                0x0000000008002334                OSCMessage::OSCMessage()
 .text._ZN10OSCMessage5emptyEv
                0x0000000008002344       0x42 ./src/OSC/OSCMessage.o
                0x0000000008002344                OSCMessage::empty()
 .text._ZN10OSCMessageD2Ev
                0x0000000008002386       0x1a ./src/OSC/OSCMessage.o
                0x0000000008002386                OSCMessage::~OSCMessage()
                0x0000000008002386                OSCMessage::~OSCMessage()
 .text._ZN10OSCMessage13decodeAddressEv
                0x00000000080023a0       0x16 ./src/OSC/OSCMessage.o
                0x00000000080023a0                OSCMessage::decodeAddress()
 *fill*         0x00000000080023b6        0x2 
 .text._ZN10OSCMessage10decodeDataEh
                0x00000000080023b8      0x4e8 ./src/OSC/OSCMessage.o
                0x00000000080023b8                OSCMessage::decodeData(unsigned char)
 .text._ZN10OSCMessage6decodeEh
                0x00000000080028a0       0xc0 ./src/OSC/OSCMessage.o
                0x00000000080028a0                OSCMessage::decode(unsigned char)
 .text._ZN10OSCMessage4fillEPhi
                0x0000000008002960       0x1c ./src/OSC/OSCMessage.o
                0x0000000008002960                OSCMessage::fill(unsigned char*, int)
 .text._ZN12SimpleWriter5startEv
                0x000000000800297c        0xa ./src/OSC/SimpleWriter.o
                0x000000000800297c                SimpleWriter::start()
 .text._ZN12SimpleWriter3endEv
                0x0000000008002986        0xe ./src/OSC/SimpleWriter.o
                0x0000000008002986                SimpleWriter::end()
 .text._ZN12SimpleWriter5writeEh
                0x0000000008002994        0xe ./src/OSC/SimpleWriter.o
                0x0000000008002994                SimpleWriter::write(unsigned char)
 .text._ZN12SimpleWriter5writeEPKhi
                0x00000000080029a2       0x1c ./src/OSC/SimpleWriter.o
                0x00000000080029a2                SimpleWriter::write(unsigned char const*, int)
 *fill*         0x00000000080029be        0x2 
 .text.blink_led_init
                0x00000000080029c0       0x78 ./src/BlinkLed.o
                0x00000000080029c0                blink_led_init
 .text._ZN17SLIPEncodedSerialC2Ev
                0x0000000008002a38       0x1c ./src/SLIPEncodedSerial.o
                0x0000000008002a38                SLIPEncodedSerial::SLIPEncodedSerial()
                0x0000000008002a38                SLIPEncodedSerial::SLIPEncodedSerial()
 .text._ZN17SLIPEncodedSerial6encodeEh
                0x0000000008002a54       0x4e ./src/SLIPEncodedSerial.o
                0x0000000008002a54                SLIPEncodedSerial::encode(unsigned char)
 .text._ZN17SLIPEncodedSerial6decodeEPKhi
                0x0000000008002aa2       0x8c ./src/SLIPEncodedSerial.o
                0x0000000008002aa2                SLIPEncodedSerial::decode(unsigned char const*, int)
 *fill*         0x0000000008002b2e        0x2 
 .text._ZN17SLIPEncodedSerial11recvMessageEv
                0x0000000008002b30       0x90 ./src/SLIPEncodedSerial.o
                0x0000000008002b30                SLIPEncodedSerial::recvMessage()
 .text._ZN17SLIPEncodedSerial11beginPacketEv
                0x0000000008002bc0       0x10 ./src/SLIPEncodedSerial.o
                0x0000000008002bc0                SLIPEncodedSerial::beginPacket()
 .text._ZN17SLIPEncodedSerial9endPacketEv
                0x0000000008002bd0       0x1a ./src/SLIPEncodedSerial.o
                0x0000000008002bd0                SLIPEncodedSerial::endPacket()
 .text._ZN17SLIPEncodedSerial6encodeEPKhi
                0x0000000008002bea       0x2e ./src/SLIPEncodedSerial.o
                0x0000000008002bea                SLIPEncodedSerial::encode(unsigned char const*, int)
 .text._ZN17SLIPEncodedSerial11sendMessageEPKhm
                0x0000000008002c18       0x22 ./src/SLIPEncodedSerial.o
                0x0000000008002c18                SLIPEncodedSerial::sendMessage(unsigned char const*, unsigned long)
 *fill*         0x0000000008002c3a        0x2 
 .text.timer_start
                0x0000000008002c3c       0x48 ./src/Timer.o
                0x0000000008002c3c                timer_start
 .text.stopwatchStart
                0x0000000008002c84        0xc ./src/Timer.o
                0x0000000008002c84                stopwatchStart
 .text.stopwatchReport
                0x0000000008002c90        0xc ./src/Timer.o
                0x0000000008002c90                stopwatchReport
 .text.timer_sleep
                0x0000000008002c9c       0x14 ./src/Timer.o
                0x0000000008002c9c                timer_sleep
 .text.timer_tick
                0x0000000008002cb0       0x24 ./src/Timer.o
                0x0000000008002cb0                timer_tick
 .text.SysTick_Handler
                0x0000000008002cd4        0x8 ./src/Timer.o
                0x0000000008002cd4                SysTick_Handler
 .text._ZL10DMA_Configv
                0x0000000008002cdc       0x68 ./src/main.o
 .text._ZL10ADC_Configv
                0x0000000008002d44      0x118 ./src/main.o
 .text._Z10ledControlR10OSCMessage
                0x0000000008002e5c      0x164 ./src/main.o
                0x0000000008002e5c                ledControl(OSCMessage&)
 .text._Z11oledControlR10OSCMessage
                0x0000000008002fc0       0x64 ./src/main.o
                0x0000000008002fc0                oledControl(OSCMessage&)
 .text._Z8shutdownR10OSCMessage
                0x0000000008003024       0xc0 ./src/main.o
                0x0000000008003024                shutdown(OSCMessage&)
 .text._Z41__static_initialization_and_destruction_0ii
                0x00000000080030e4       0x20 ./src/main.o
 .text._Z8getKnobsR10OSCMessage
                0x0000000008003104       0x98 ./src/main.o
                0x0000000008003104                getKnobs(OSCMessage&)
 .text._Z12hardwareInitv
                0x000000000800319c       0xa0 ./src/main.o
                0x000000000800319c                hardwareInit()
 .text._Z9keyMuxSelm
                0x000000000800323c      0x138 ./src/main.o
                0x000000000800323c                keyMuxSel(unsigned long)
 .text._Z8scanKeysv
                0x0000000008003374       0xbc ./src/main.o
                0x0000000008003374                scanKeys()
 .text._Z9remapKeysv
                0x0000000008003430       0x90 ./src/main.o
                0x0000000008003430                remapKeys()
 .text._Z16checkForKeyEventv
                0x00000000080034c0      0x208 ./src/main.o
                0x00000000080034c0                checkForKeyEvent()
 .text._Z11updateKnobsv
                0x00000000080036c8       0x3c ./src/main.o
                0x00000000080036c8                updateKnobs()
 .text._Z15checkFootSwitchv
                0x0000000008003704      0x164 ./src/main.o
                0x0000000008003704                checkFootSwitch()
 .text._Z12checkEncoderv
                0x0000000008003868      0x324 ./src/main.o
                0x0000000008003868                checkEncoder()
 .text.main     0x0000000008003b8c      0x23c ./src/main.o
                0x0000000008003b8c                main
 .text._GLOBAL__sub_I_RegularConvData_Tab
                0x0000000008003dc8       0x10 ./src/main.o
 .text.spi_init
                0x0000000008003dd8       0xfc ./src/spi.o
                0x0000000008003dd8                spi_init
 .text.SPI2_IRQHandler
                0x0000000008003ed4        0x2 ./src/spi.o
                0x0000000008003ed4                SPI2_IRQHandler
 *fill*         0x0000000008003ed6        0x2 
 .text.put_pixel
                0x0000000008003ed8       0x3c ./src/ssd1306.o
                0x0000000008003ed8                put_pixel
 .text.put_char_small
                0x0000000008003f14       0x64 ./src/ssd1306.o
                0x0000000008003f14                put_char_small
 .text.ssd1306_cs
                0x0000000008003f78       0x22 ./src/ssd1306.o
                0x0000000008003f78                ssd1306_cs
 .text.ssd1306_dc
                0x0000000008003f9a       0x22 ./src/ssd1306.o
                0x0000000008003f9a                ssd1306_dc
 .text.ssd1306_rst
                0x0000000008003fbc       0x22 ./src/ssd1306.o
                0x0000000008003fbc                ssd1306_rst
 *fill*         0x0000000008003fde        0x2 
 .text.ssd1306_send_byte
                0x0000000008003fe0       0x1c ./src/ssd1306.o
                0x0000000008003fe0                ssd1306_send_byte
 .text.CMD      0x0000000008003ffc       0x24 ./src/ssd1306.o
                0x0000000008003ffc                CMD
 .text.ssd1306_init
                0x0000000008004020      0x110 ./src/ssd1306.o
                0x0000000008004020                ssd1306_init
 .text.ssd1306_refresh
                0x0000000008004130       0x60 ./src/ssd1306.o
                0x0000000008004130                ssd1306_refresh
 .text.ssd1306_refresh_line
                0x0000000008004190       0x80 ./src/ssd1306.o
                0x0000000008004190                ssd1306_refresh_line
 .text.println_8
                0x0000000008004210       0x2a ./src/ssd1306.o
                0x0000000008004210                println_8
 .text.println_8_spacy
                0x000000000800423a       0x2a ./src/ssd1306.o
                0x000000000800423a                println_8_spacy
 .text.uart2_init
                0x0000000008004264       0xa4 ./src/uart.o
                0x0000000008004264                uart2_init
 .text.uart2_send
                0x0000000008004308       0x20 ./src/uart.o
                0x0000000008004308                uart2_send
 .text.USART2_IRQHandler
                0x0000000008004328       0x38 ./src/uart.o
                0x0000000008004328                USART2_IRQHandler
 .text._ZdlPv   0x0000000008004360        0x8 /Users/pscan/opt/gcc-arm-none-eabi-7-2017-q4-major/bin/../lib/gcc/arm-none-eabi/7.2.1/../../../../arm-none-eabi/lib/thumb/v6-m/libstdc++_nano.a(del_op.o)
                0x0000000008004360                operator delete(void*)
 .text._Znwj    0x0000000008004368       0x24 /Users/pscan/opt/gcc-arm-none-eabi-7-2017-q4-major/bin/../lib/gcc/arm-none-eabi/7.2.1/../../../../arm-none-eabi/lib/thumb/v6-m/libstdc++_nano.a(new_op.o)
                0x0000000008004368                operator new(unsigned int)
 .text._ZSt15get_new_handlerv
                0x000000000800438c        0xc /Users/pscan/opt/gcc-arm-none-eabi-7-2017-q4-major/bin/../lib/gcc/arm-none-eabi/7.2.1/../../../../arm-none-eabi/lib/thumb/v6-m/libstdc++_nano.a(new_handler.o)
                0x000000000800438c                std::get_new_handler()
 .text          0x0000000008004398      0x114 /Users/pscan/opt/gcc-arm-none-eabi-7-2017-q4-major/bin/../lib/gcc/arm-none-eabi/7.2.1/thumb/v6-m/libgcc.a(_udivsi3.o)
                0x0000000008004398                __udivsi3
                0x0000000008004398                __aeabi_uidiv
                0x00000000080044a4                __aeabi_uidivmod
 .text          0x00000000080044ac        0x4 /Users/pscan/opt/gcc-arm-none-eabi-7-2017-q4-major/bin/../lib/gcc/arm-none-eabi/7.2.1/thumb/v6-m/libgcc.a(_dvmd_tls.o)
                0x00000000080044ac                __aeabi_ldiv0
                0x00000000080044ac                __aeabi_idiv0
 .text.__errno  0x00000000080044b0        0xc /Users/pscan/opt/gcc-arm-none-eabi-7-2017-q4-major/bin/../lib/gcc/arm-none-eabi/7.2.1/../../../../arm-none-eabi/lib/thumb/v6-m/libg_nano.a(lib_a-errno.o)
                0x00000000080044b0                __errno
 .text.malloc   0x00000000080044bc       0x14 /Users/pscan/opt/gcc-arm-none-eabi-7-2017-q4-major/bin/../lib/gcc/arm-none-eabi/7.2.1/../../../../arm-none-eabi/lib/thumb/v6-m/libg_nano.a(lib_a-malloc.o)
                0x00000000080044bc                malloc
 .text.free     0x00000000080044d0       0x14 /Users/pscan/opt/gcc-arm-none-eabi-7-2017-q4-major/bin/../lib/gcc/arm-none-eabi/7.2.1/../../../../arm-none-eabi/lib/thumb/v6-m/libg_nano.a(lib_a-malloc.o)
                0x00000000080044d0                free
 .text.memcpy   0x00000000080044e4       0x12 /Users/pscan/opt/gcc-arm-none-eabi-7-2017-q4-major/bin/../lib/gcc/arm-none-eabi/7.2.1/../../../../arm-none-eabi/lib/thumb/v6-m/libg_nano.a(lib_a-memcpy-stub.o)
                0x00000000080044e4                memcpy
 *fill*         0x00000000080044f6        0x2 
 .text._free_r  0x00000000080044f8       0x94 /Users/pscan/opt/gcc-arm-none-eabi-7-2017-q4-major/bin/../lib/gcc/arm-none-eabi/7.2.1/../../../../arm-none-eabi/lib/thumb/v6-m/libg_nano.a(lib_a-nano-freer.o)
                0x00000000080044f8                _free_r
 .text._malloc_r
                0x000000000800458c       0xbc /Users/pscan/opt/gcc-arm-none-eabi-7-2017-q4-major/bin/../lib/gcc/arm-none-eabi/7.2.1/../../../../arm-none-eabi/lib/thumb/v6-m/libg_nano.a(lib_a-nano-mallocr.o)
                0x000000000800458c                _malloc_r
 .text.realloc  0x0000000008004648       0x14 /Users/pscan/opt/gcc-arm-none-eabi-7-2017-q4-major/bin/../lib/gcc/arm-none-eabi/7.2.1/../../../../arm-none-eabi/lib/thumb/v6-m/libg_nano.a(lib_a-realloc.o)
                0x0000000008004648                realloc
 .text._sbrk_r  0x000000000800465c       0x24 /Users/pscan/opt/gcc-arm-none-eabi-7-2017-q4-major/bin/../lib/gcc/arm-none-eabi/7.2.1/../../../../arm-none-eabi/lib/thumb/v6-m/libg_nano.a(lib_a-sbrkr.o)
                0x000000000800465c                _sbrk_r
 .text.sprintf  0x0000000008004680       0x40 /Users/pscan/opt/gcc-arm-none-eabi-7-2017-q4-major/bin/../lib/gcc/arm-none-eabi/7.2.1/../../../../arm-none-eabi/lib/thumb/v6-m/libg_nano.a(lib_a-sprintf.o)
                0x0000000008004680                sprintf
                0x0000000008004680                siprintf
 .text          0x00000000080046c0       0x14 /Users/pscan/opt/gcc-arm-none-eabi-7-2017-q4-major/bin/../lib/gcc/arm-none-eabi/7.2.1/../../../../arm-none-eabi/lib/thumb/v6-m/libg_nano.a(lib_a-strcmp.o)
                0x00000000080046c0                strcmp
 .text.strcpy   0x00000000080046d4       0x10 /Users/pscan/opt/gcc-arm-none-eabi-7-2017-q4-major/bin/../lib/gcc/arm-none-eabi/7.2.1/../../../../arm-none-eabi/lib/thumb/v6-m/libg_nano.a(lib_a-strcpy.o)
                0x00000000080046d4                strcpy
 .text          0x00000000080046e4        0xe /Users/pscan/opt/gcc-arm-none-eabi-7-2017-q4-major/bin/../lib/gcc/arm-none-eabi/7.2.1/../../../../arm-none-eabi/lib/thumb/v6-m/libg_nano.a(lib_a-strlen.o)
                0x00000000080046e4                strlen
 .text.strncmp  0x00000000080046f2       0x22 /Users/pscan/opt/gcc-arm-none-eabi-7-2017-q4-major/bin/../lib/gcc/arm-none-eabi/7.2.1/../../../../arm-none-eabi/lib/thumb/v6-m/libg_nano.a(lib_a-strncmp.o)
                0x00000000080046f2                strncmp
 .text.__malloc_lock
                0x0000000008004714        0x2 /Users/pscan/opt/gcc-arm-none-eabi-7-2017-q4-major/bin/../lib/gcc/arm-none-eabi/7.2.1/../../../../arm-none-eabi/lib/thumb/v6-m/libg_nano.a(lib_a-mlock.o)
                0x0000000008004714                __malloc_lock
 .text.__malloc_unlock
                0x0000000008004716        0x2 /Users/pscan/opt/gcc-arm-none-eabi-7-2017-q4-major/bin/../lib/gcc/arm-none-eabi/7.2.1/../../../../arm-none-eabi/lib/thumb/v6-m/libg_nano.a(lib_a-mlock.o)
                0x0000000008004716                __malloc_unlock
 .text._realloc_r
                0x0000000008004718       0x4c /Users/pscan/opt/gcc-arm-none-eabi-7-2017-q4-major/bin/../lib/gcc/arm-none-eabi/7.2.1/../../../../arm-none-eabi/lib/thumb/v6-m/libg_nano.a(lib_a-nano-reallocr.o)
                0x0000000008004718                _realloc_r
 .text.__ssputs_r
                0x0000000008004764       0xc4 /Users/pscan/opt/gcc-arm-none-eabi-7-2017-q4-major/bin/../lib/gcc/arm-none-eabi/7.2.1/../../../../arm-none-eabi/lib/thumb/v6-m/libg_nano.a(lib_a-nano-svfprintf.o)
                0x0000000008004764                __ssputs_r
 .text._svfprintf_r
                0x0000000008004828      0x1fc /Users/pscan/opt/gcc-arm-none-eabi-7-2017-q4-major/bin/../lib/gcc/arm-none-eabi/7.2.1/../../../../arm-none-eabi/lib/thumb/v6-m/libg_nano.a(lib_a-nano-svfprintf.o)
                0x0000000008004828                _svfprintf_r
                0x0000000008004828                _svfiprintf_r
 .text._printf_common
                0x0000000008004a24       0xda /Users/pscan/opt/gcc-arm-none-eabi-7-2017-q4-major/bin/../lib/gcc/arm-none-eabi/7.2.1/../../../../arm-none-eabi/lib/thumb/v6-m/libg_nano.a(lib_a-nano-vfprintf_i.o)
                0x0000000008004a24                _printf_common
 *fill*         0x0000000008004afe        0x2 
 .text._printf_i
                0x0000000008004b00      0x210 /Users/pscan/opt/gcc-arm-none-eabi-7-2017-q4-major/bin/../lib/gcc/arm-none-eabi/7.2.1/../../../../arm-none-eabi/lib/thumb/v6-m/libg_nano.a(lib_a-nano-vfprintf_i.o)
                0x0000000008004b00                _printf_i
 .text.memchr   0x0000000008004d10       0x16 /Users/pscan/opt/gcc-arm-none-eabi-7-2017-q4-major/bin/../lib/gcc/arm-none-eabi/7.2.1/../../../../arm-none-eabi/lib/thumb/v6-m/libg_nano.a(lib_a-memchr-stub.o)
                0x0000000008004d10                memchr
 .text.memmove  0x0000000008004d26       0x26 /Users/pscan/opt/gcc-arm-none-eabi-7-2017-q4-major/bin/../lib/gcc/arm-none-eabi/7.2.1/../../../../arm-none-eabi/lib/thumb/v6-m/libg_nano.a(lib_a-memmove.o)
                0x0000000008004d26                memmove
 .text._malloc_usable_size_r
                0x0000000008004d4c       0x10 /Users/pscan/opt/gcc-arm-none-eabi-7-2017-q4-major/bin/../lib/gcc/arm-none-eabi/7.2.1/../../../../arm-none-eabi/lib/thumb/v6-m/libg_nano.a(lib_a-nano-msizer.o)
                0x0000000008004d4c                _malloc_usable_size_r
 *(.rodata .rodata.*)
 .rodata.ADC_DeInit.str1.4
                0x0000000008004d5c       0x30 ./system/src/stm32f0-stdperiph/stm32f0xx_adc.o
 .rodata.DMA_DeInit.str1.4
                0x0000000008004d8c       0x30 ./system/src/stm32f0-stdperiph/stm32f0xx_dma.o
 .rodata.GPIO_DeInit.str1.4
                0x0000000008004dbc       0x31 ./system/src/stm32f0-stdperiph/stm32f0xx_gpio.o
 *fill*         0x0000000008004ded        0x3 
 .rodata.NVIC_Init.str1.4
                0x0000000008004df0       0x31 ./system/src/stm32f0-stdperiph/stm32f0xx_misc.o
 *fill*         0x0000000008004e21        0x3 
 .rodata.RCC_HSEConfig.str1.4
                0x0000000008004e24       0x30 ./system/src/stm32f0-stdperiph/stm32f0xx_rcc.o
 .rodata.SPI_I2S_DeInit.str1.4
                0x0000000008004e54       0x30 ./system/src/stm32f0-stdperiph/stm32f0xx_spi.o
 .rodata.USART_DeInit.str1.4
                0x0000000008004e84       0x32 ./system/src/stm32f0-stdperiph/stm32f0xx_usart.o
 *fill*         0x0000000008004eb6        0x2 
 .rodata._ZN10OSCMessage10decodeDataEh
                0x0000000008004eb8       0x4c ./src/OSC/OSCMessage.o
 .rodata._ZN10OSCMessage6decodeEh
                0x0000000008004f04       0x1c ./src/OSC/OSCMessage.o
 .rodata._Z12checkEncoderv.str1.4
                0x0000000008004f20        0xd ./src/main.o
 *fill*         0x0000000008004f2d        0x3 
 .rodata._Z15checkFootSwitchv.str1.4
                0x0000000008004f30        0x4 ./src/main.o
 .rodata._Z16checkForKeyEventv.str1.4
                0x0000000008004f34        0x5 ./src/main.o
 *fill*         0x0000000008004f39        0x3 
 .rodata._Z8getKnobsR10OSCMessage.str1.4
                0x0000000008004f3c        0x7 ./src/main.o
 *fill*         0x0000000008004f43        0x1 
 .rodata._Z8shutdownR10OSCMessage.str1.4
                0x0000000008004f44       0x42 ./src/main.o
 *fill*         0x0000000008004f86        0x2 
 .rodata.main.str1.4
                0x0000000008004f88       0x70 ./src/main.o
                                         0x6e (size before relaxing)
 .rodata.font   0x0000000008004ff8      0x4fb ./src/ssd1306.o
 .rodata._svfprintf_r.str1.1
                0x00000000080054f3       0x11 /Users/pscan/opt/gcc-arm-none-eabi-7-2017-q4-major/bin/../lib/gcc/arm-none-eabi/7.2.1/../../../../arm-none-eabi/lib/thumb/v6-m/libg_nano.a(lib_a-nano-svfprintf.o)
 .rodata._printf_i.str1.1
                0x0000000008005504       0x22 /Users/pscan/opt/gcc-arm-none-eabi-7-2017-q4-major/bin/../lib/gcc/arm-none-eabi/7.2.1/../../../../arm-none-eabi/lib/thumb/v6-m/libg_nano.a(lib_a-nano-vfprintf_i.o)
 *(vtable)
 *(.eh_frame*)
 *(.glue_7)
 .glue_7        0x0000000008005526        0x0 linker stubs
 *(.glue_7t)
 .glue_7t       0x0000000008005526        0x0 linker stubs

.vfp11_veneer   0x0000000008005528        0x0
 .vfp11_veneer  0x0000000008005528        0x0 linker stubs

.v4_bx          0x0000000008005528        0x0
 .v4_bx         0x0000000008005528        0x0 linker stubs

.iplt           0x0000000008005528        0x0
 .iplt          0x0000000008005528        0x0 ./system/src/stm32f0-stdperiph/stm32f0xx_adc.o

.rel.dyn        0x0000000008005528        0x0
 .rel.iplt      0x0000000008005528        0x0 ./system/src/stm32f0-stdperiph/stm32f0xx_adc.o

.ARM.extab
 *(.ARM.extab* .gnu.linkonce.armextab.*)
                0x0000000008005528                __exidx_start = .

.ARM.exidx
 *(.ARM.exidx* .gnu.linkonce.armexidx.*)
                0x0000000008005528                __exidx_end = .
                0x0000000008005528                . = ALIGN (0x4)
                0x0000000008005528                _etext = .
                0x0000000008005528                __etext = .
                0x0000000008005528                _sidata = _etext

.data           0x0000000020000000       0x8c load address 0x0000000008005528
                0x0000000020000000                . = ALIGN (0x4)
                0x0000000020000000                _sdata = .
                0x0000000020000000                __data_start__ = .
 *(.data_begin .data_begin.*)
 .data_begin    0x0000000020000000        0x4 ./system/src/newlib/_startup.o
 *(.data .data.*)
 .data.APBAHBPrescTable
                0x0000000020000004       0x10 ./system/src/stm32f0-stdperiph/stm32f0xx_rcc.o
 .data.argv.4789
                0x0000000020000014        0x8 ./system/src/newlib/_syscalls.o
 .data.SystemCoreClock
                0x000000002000001c        0x4 ./system/src/cmsis/system_stm32f0xx.o
                0x000000002000001c                SystemCoreClock
 .data._ZZ12checkEncodervE11button_last
                0x0000000020000020        0x1 ./src/main.o
 *fill*         0x0000000020000021        0x3 
 .data._impure_ptr
                0x0000000020000024        0x4 /Users/pscan/opt/gcc-arm-none-eabi-7-2017-q4-major/bin/../lib/gcc/arm-none-eabi/7.2.1/../../../../arm-none-eabi/lib/thumb/v6-m/libg_nano.a(lib_a-impure.o)
                0x0000000020000024                _impure_ptr
 .data.impure_data
                0x0000000020000028       0x60 /Users/pscan/opt/gcc-arm-none-eabi-7-2017-q4-major/bin/../lib/gcc/arm-none-eabi/7.2.1/../../../../arm-none-eabi/lib/thumb/v6-m/libg_nano.a(lib_a-impure.o)
 *(.data_end .data_end.*)
 .data_end      0x0000000020000088        0x4 ./system/src/newlib/_startup.o
                0x000000002000008c                . = ALIGN (0x4)
                0x000000002000008c                _edata = .
                0x000000002000008c                __data_end__ = .

.igot.plt       0x000000002000008c        0x0 load address 0x00000000080055b4
 .igot.plt      0x000000002000008c        0x0 ./system/src/stm32f0-stdperiph/stm32f0xx_adc.o

.bss            0x000000002000008c      0xc2c load address 0x00000000080055b4
                0x000000002000008c                . = ALIGN (0x4)
                0x000000002000008c                __bss_start__ = .
                0x000000002000008c                _sbss = .
 *(.bss_begin .bss_begin.*)
 .bss_begin     0x000000002000008c        0x4 ./system/src/newlib/_startup.o
 *(.bss .bss.*)
 .bss.current_heap_end.4441
                0x0000000020000090        0x4 ./system/src/newlib/_sbrk.o
 .bss.name.4788
                0x0000000020000094        0x1 ./system/src/newlib/_syscalls.o
 *fill*         0x0000000020000095        0x3 
 .bss.RegularConvData_Tab
                0x0000000020000098       0x12 ./src/main.o
                0x0000000020000098                RegularConvData_Tab
 .bss._ZZ12checkEncodervE11press_count
                0x00000000200000aa        0x1 ./src/main.o
 .bss._ZZ12checkEncodervE12encoder_last
                0x00000000200000ab        0x1 ./src/main.o
 .bss._ZZ12checkEncodervE13release_count
                0x00000000200000ac        0x1 ./src/main.o
 *fill*         0x00000000200000ad        0x3 
 .bss._ZZ15checkFootSwitchvE13foot_debounce
                0x00000000200000b0        0x2 ./src/main.o
 .bss._ZZ15checkFootSwitchvE19foot_debounce_count
                0x00000000200000b2        0x1 ./src/main.o
 .bss._ZZ15checkFootSwitchvE9foot_last
                0x00000000200000b3        0x1 ./src/main.o
 .bss._ZZ8scanKeysvE11muxSelCount
                0x00000000200000b4        0x4 ./src/main.o
 .bss._ZZ8scanKeysvE8seqCount
                0x00000000200000b8        0x4 ./src/main.o
 .bss._ZZ9remapKeysvE10cycleCount
                0x00000000200000bc        0x4 ./src/main.o
 .bss.keyValues
                0x00000000200000c0       0x68 ./src/main.o
                0x00000000200000c0                keyValues
 .bss.keyValuesLast
                0x0000000020000128       0x1a ./src/main.o
                0x0000000020000128                keyValuesLast
 *fill*         0x0000000020000142        0x2 
 .bss.keyValuesRaw
                0x0000000020000144       0x1a ./src/main.o
                0x0000000020000144                keyValuesRaw
 *fill*         0x000000002000015e        0x2 
 .bss.knobValues
                0x0000000020000160       0x18 ./src/main.o
                0x0000000020000160                knobValues
 .bss.oscBuf    0x0000000020000178      0x102 ./src/main.o
                0x0000000020000178                oscBuf
 *fill*         0x000000002000027a        0x2 
 .bss.slip      0x000000002000027c      0x518 ./src/main.o
                0x000000002000027c                slip
 .bss.spi_out_buf_remaining
                0x0000000020000794        0x1 ./src/main.o
                0x0000000020000794                spi_out_buf_remaining
 .bss.c.6512    0x0000000020000795        0x1 ./src/ssd1306.o
 .bss.uart2_recv_buf_head
                0x0000000020000796        0x2 ./src/uart.o
                0x0000000020000796                uart2_recv_buf_head
 .bss.uart2_recv_buf_tail
                0x0000000020000798        0x2 ./src/uart.o
                0x0000000020000798                uart2_recv_buf_tail
 *fill*         0x000000002000079a        0x2 
 .bss._ZN12_GLOBAL__N_113__new_handlerE
                0x000000002000079c        0x4 /Users/pscan/opt/gcc-arm-none-eabi-7-2017-q4-major/bin/../lib/gcc/arm-none-eabi/7.2.1/../../../../arm-none-eabi/lib/thumb/v6-m/libstdc++_nano.a(new_handler.o)
 .bss.__malloc_free_list
                0x00000000200007a0        0x4 /Users/pscan/opt/gcc-arm-none-eabi-7-2017-q4-major/bin/../lib/gcc/arm-none-eabi/7.2.1/../../../../arm-none-eabi/lib/thumb/v6-m/libg_nano.a(lib_a-nano-mallocr.o)
                0x00000000200007a0                __malloc_free_list
 .bss.__malloc_sbrk_start
                0x00000000200007a4        0x4 /Users/pscan/opt/gcc-arm-none-eabi-7-2017-q4-major/bin/../lib/gcc/arm-none-eabi/7.2.1/../../../../arm-none-eabi/lib/thumb/v6-m/libg_nano.a(lib_a-nano-mallocr.o)
                0x00000000200007a4                __malloc_sbrk_start
 *(COMMON)
 COMMON         0x00000000200007a8        0x4 ./system/src/newlib/_syscalls.o
                0x00000000200007a8                errno
 COMMON         0x00000000200007ac        0x8 ./src/Timer.o
                0x00000000200007ac                timer_delayCount
                0x00000000200007b0                stopwatch
 COMMON         0x00000000200007b4      0x400 ./src/ssd1306.o
                0x00000000200007b4                pix_buf
 COMMON         0x0000000020000bb4      0x100 ./src/uart.o
                0x0000000020000bb4                uart2_recv_buf
 *(.bss_end .bss_end.*)
 .bss_end       0x0000000020000cb4        0x4 ./system/src/newlib/_startup.o
                0x0000000020000cb8                . = ALIGN (0x4)
                0x0000000020000cb8                __bss_end__ = .
                0x0000000020000cb8                _ebss = .

.noinit         0x0000000020000cb8        0x0
                0x0000000020000cb8                . = ALIGN (0x4)
                0x0000000020000cb8                _noinit = .
 *(.noinit .noinit.*)
                0x0000000020000cb8                . = ALIGN (0x4)
                0x0000000020000cb8                _end_noinit = .
                [!provide]                        PROVIDE (end, _end_noinit)
                [!provide]                        PROVIDE (_end, _end_noinit)
                [!provide]                        PROVIDE (__end, _end_noinit)
                [!provide]                        PROVIDE (__end__, _end_noinit)

._check_stack   0x0000000020000cb8      0x100 load address 0x00000000080061e0
                0x0000000020000cb8                . = ALIGN (0x4)
                0x0000000020000db8                . = (. + _Minimum_Stack_Size)
 *fill*         0x0000000020000cb8      0x100 
                0x0000000020000db8                . = ALIGN (0x4)

.bss_CCMRAM
 *(.bss.CCMRAM .bss.CCMRAM.*)

.b1text
 *(.b1text)
 *(.b1rodata)
 *(.b1rodata.*)

.eb0text
 *(.eb0text)
 *(.eb0rodata)
 *(.eb0rodata.*)

.eb1text
 *(.eb1text)
 *(.eb1rodata)
 *(.eb1rodata.*)

.eb2text
 *(.eb2text)
 *(.eb2rodata)
 *(.eb2rodata.*)

.eb3text
 *(.eb3text)
 *(.eb3rodata)
 *(.eb3rodata.*)

.stab
 *(.stab)

.stabstr
 *(.stabstr)

.stab.excl
 *(.stab.excl)

.stab.exclstr
 *(.stab.exclstr)

.stab.index
 *(.stab.index)

.stab.indexstr
 *(.stab.indexstr)

.comment        0x0000000000000000       0x7e
 *(.comment)
 .comment       0x0000000000000000       0x7e ./system/src/stm32f0-stdperiph/stm32f0xx_adc.o
                                         0x7f (size before relaxing)
 .comment       0x000000000000007e       0x7f ./system/src/stm32f0-stdperiph/stm32f0xx_dma.o
 .comment       0x000000000000007e       0x7f ./system/src/stm32f0-stdperiph/stm32f0xx_gpio.o
 .comment       0x000000000000007e       0x7f ./system/src/stm32f0-stdperiph/stm32f0xx_misc.o
 .comment       0x000000000000007e       0x7f ./system/src/stm32f0-stdperiph/stm32f0xx_rcc.o
 .comment       0x000000000000007e       0x7f ./system/src/stm32f0-stdperiph/stm32f0xx_spi.o
 .comment       0x000000000000007e       0x7f ./system/src/stm32f0-stdperiph/stm32f0xx_usart.o
 .comment       0x000000000000007e       0x7f ./system/src/newlib/_exit.o
 .comment       0x000000000000007e       0x7f ./system/src/newlib/_sbrk.o
 .comment       0x000000000000007e       0x7f ./system/src/newlib/_startup.o
 .comment       0x000000000000007e       0x7f ./system/src/newlib/_syscalls.o
 .comment       0x000000000000007e       0x7f ./system/src/newlib/assert.o
 .comment       0x000000000000007e       0x7f ./system/src/cortexm/_initialize_hardware.o
 .comment       0x000000000000007e       0x7f ./system/src/cortexm/exception_handlers.o
 .comment       0x000000000000007e       0x7f ./system/src/cmsis/system_stm32f0xx.o
 .comment       0x000000000000007e       0x7f ./system/src/cmsis/vectors_stm32f0xx.o
 .comment       0x000000000000007e       0x7f ./src/OSC/OSCData.o
 .comment       0x000000000000007e       0x7f ./src/OSC/OSCMatch.o
 .comment       0x000000000000007e       0x7f ./src/OSC/OSCMessage.o
 .comment       0x000000000000007e       0x7f ./src/OSC/SimpleWriter.o
 .comment       0x000000000000007e       0x7f ./src/BlinkLed.o
 .comment       0x000000000000007e       0x7f ./src/SLIPEncodedSerial.o
 .comment       0x000000000000007e       0x7f ./src/Timer.o
 .comment       0x000000000000007e       0x7f ./src/main.o
 .comment       0x000000000000007e       0x7f ./src/spi.o
 .comment       0x000000000000007e       0x7f ./src/ssd1306.o
 .comment       0x000000000000007e       0x7f ./src/uart.o

.ARM.attributes
                0x0000000000000000       0x2f
 .ARM.attributes
                0x0000000000000000       0x31 ./system/src/stm32f0-stdperiph/stm32f0xx_adc.o
 .ARM.attributes
                0x0000000000000031       0x31 ./system/src/stm32f0-stdperiph/stm32f0xx_dma.o
 .ARM.attributes
                0x0000000000000062       0x31 ./system/src/stm32f0-stdperiph/stm32f0xx_gpio.o
 .ARM.attributes
                0x0000000000000093       0x31 ./system/src/stm32f0-stdperiph/stm32f0xx_misc.o
 .ARM.attributes
                0x00000000000000c4       0x31 ./system/src/stm32f0-stdperiph/stm32f0xx_rcc.o
 .ARM.attributes
                0x00000000000000f5       0x31 ./system/src/stm32f0-stdperiph/stm32f0xx_spi.o
 .ARM.attributes
                0x0000000000000126       0x31 ./system/src/stm32f0-stdperiph/stm32f0xx_usart.o
 .ARM.attributes
                0x0000000000000157       0x31 ./system/src/newlib/_exit.o
 .ARM.attributes
                0x0000000000000188       0x31 ./system/src/newlib/_sbrk.o
 .ARM.attributes
                0x00000000000001b9       0x31 ./system/src/newlib/_startup.o
 .ARM.attributes
                0x00000000000001ea       0x31 ./system/src/newlib/_syscalls.o
 .ARM.attributes
                0x000000000000021b       0x31 ./system/src/newlib/assert.o
 .ARM.attributes
                0x000000000000024c       0x31 ./system/src/cortexm/_initialize_hardware.o
 .ARM.attributes
                0x000000000000027d       0x31 ./system/src/cortexm/exception_handlers.o
 .ARM.attributes
                0x00000000000002ae       0x31 ./system/src/cmsis/system_stm32f0xx.o
 .ARM.attributes
                0x00000000000002df       0x31 ./system/src/cmsis/vectors_stm32f0xx.o
 .ARM.attributes
                0x0000000000000310       0x31 ./src/OSC/OSCData.o
 .ARM.attributes
                0x0000000000000341       0x31 ./src/OSC/OSCMatch.o
 .ARM.attributes
                0x0000000000000372       0x31 ./src/OSC/OSCMessage.o
 .ARM.attributes
                0x00000000000003a3       0x31 ./src/OSC/SimpleWriter.o
 .ARM.attributes
                0x00000000000003d4       0x31 ./src/BlinkLed.o
 .ARM.attributes
                0x0000000000000405       0x31 ./src/SLIPEncodedSerial.o
 .ARM.attributes
                0x0000000000000436       0x31 ./src/Timer.o
 .ARM.attributes
                0x0000000000000467       0x31 ./src/main.o
 .ARM.attributes
                0x0000000000000498       0x31 ./src/spi.o
 .ARM.attributes
                0x00000000000004c9       0x31 ./src/ssd1306.o
 .ARM.attributes
                0x00000000000004fa       0x31 ./src/uart.o
 .ARM.attributes
                0x000000000000052b       0x2c /Users/pscan/opt/gcc-arm-none-eabi-7-2017-q4-major/bin/../lib/gcc/arm-none-eabi/7.2.1/../../../../arm-none-eabi/lib/thumb/v6-m/libstdc++_nano.a(del_op.o)
 .ARM.attributes
                0x0000000000000557       0x2c /Users/pscan/opt/gcc-arm-none-eabi-7-2017-q4-major/bin/../lib/gcc/arm-none-eabi/7.2.1/../../../../arm-none-eabi/lib/thumb/v6-m/libstdc++_nano.a(new_op.o)
 .ARM.attributes
                0x0000000000000583       0x2c /Users/pscan/opt/gcc-arm-none-eabi-7-2017-q4-major/bin/../lib/gcc/arm-none-eabi/7.2.1/../../../../arm-none-eabi/lib/thumb/v6-m/libstdc++_nano.a(new_handler.o)
 .ARM.attributes
                0x00000000000005af       0x1e /Users/pscan/opt/gcc-arm-none-eabi-7-2017-q4-major/bin/../lib/gcc/arm-none-eabi/7.2.1/thumb/v6-m/libgcc.a(_udivsi3.o)
 .ARM.attributes
                0x00000000000005cd       0x1e /Users/pscan/opt/gcc-arm-none-eabi-7-2017-q4-major/bin/../lib/gcc/arm-none-eabi/7.2.1/thumb/v6-m/libgcc.a(_dvmd_tls.o)
 .ARM.attributes
                0x00000000000005eb       0x2c /Users/pscan/opt/gcc-arm-none-eabi-7-2017-q4-major/bin/../lib/gcc/arm-none-eabi/7.2.1/../../../../arm-none-eabi/lib/thumb/v6-m/libg_nano.a(lib_a-errno.o)
 .ARM.attributes
                0x0000000000000617       0x2c /Users/pscan/opt/gcc-arm-none-eabi-7-2017-q4-major/bin/../lib/gcc/arm-none-eabi/7.2.1/../../../../arm-none-eabi/lib/thumb/v6-m/libg_nano.a(lib_a-impure.o)
 .ARM.attributes
                0x0000000000000643       0x2c /Users/pscan/opt/gcc-arm-none-eabi-7-2017-q4-major/bin/../lib/gcc/arm-none-eabi/7.2.1/../../../../arm-none-eabi/lib/thumb/v6-m/libg_nano.a(lib_a-malloc.o)
 .ARM.attributes
                0x000000000000066f       0x2c /Users/pscan/opt/gcc-arm-none-eabi-7-2017-q4-major/bin/../lib/gcc/arm-none-eabi/7.2.1/../../../../arm-none-eabi/lib/thumb/v6-m/libg_nano.a(lib_a-memcpy-stub.o)
 .ARM.attributes
                0x000000000000069b       0x2c /Users/pscan/opt/gcc-arm-none-eabi-7-2017-q4-major/bin/../lib/gcc/arm-none-eabi/7.2.1/../../../../arm-none-eabi/lib/thumb/v6-m/libg_nano.a(lib_a-nano-freer.o)
 .ARM.attributes
                0x00000000000006c7       0x2c /Users/pscan/opt/gcc-arm-none-eabi-7-2017-q4-major/bin/../lib/gcc/arm-none-eabi/7.2.1/../../../../arm-none-eabi/lib/thumb/v6-m/libg_nano.a(lib_a-nano-mallocr.o)
 .ARM.attributes
                0x00000000000006f3       0x2c /Users/pscan/opt/gcc-arm-none-eabi-7-2017-q4-major/bin/../lib/gcc/arm-none-eabi/7.2.1/../../../../arm-none-eabi/lib/thumb/v6-m/libg_nano.a(lib_a-realloc.o)
 .ARM.attributes
                0x000000000000071f       0x2c /Users/pscan/opt/gcc-arm-none-eabi-7-2017-q4-major/bin/../lib/gcc/arm-none-eabi/7.2.1/../../../../arm-none-eabi/lib/thumb/v6-m/libg_nano.a(lib_a-sbrkr.o)
 .ARM.attributes
                0x000000000000074b       0x2c /Users/pscan/opt/gcc-arm-none-eabi-7-2017-q4-major/bin/../lib/gcc/arm-none-eabi/7.2.1/../../../../arm-none-eabi/lib/thumb/v6-m/libg_nano.a(lib_a-sprintf.o)
 .ARM.attributes
                0x0000000000000777       0x1c /Users/pscan/opt/gcc-arm-none-eabi-7-2017-q4-major/bin/../lib/gcc/arm-none-eabi/7.2.1/../../../../arm-none-eabi/lib/thumb/v6-m/libg_nano.a(lib_a-strcmp.o)
 .ARM.attributes
                0x0000000000000793       0x2c /Users/pscan/opt/gcc-arm-none-eabi-7-2017-q4-major/bin/../lib/gcc/arm-none-eabi/7.2.1/../../../../arm-none-eabi/lib/thumb/v6-m/libg_nano.a(lib_a-strcpy.o)
 .ARM.attributes
                0x00000000000007bf       0x1c /Users/pscan/opt/gcc-arm-none-eabi-7-2017-q4-major/bin/../lib/gcc/arm-none-eabi/7.2.1/../../../../arm-none-eabi/lib/thumb/v6-m/libg_nano.a(lib_a-strlen.o)
 .ARM.attributes
                0x00000000000007db       0x2c /Users/pscan/opt/gcc-arm-none-eabi-7-2017-q4-major/bin/../lib/gcc/arm-none-eabi/7.2.1/../../../../arm-none-eabi/lib/thumb/v6-m/libg_nano.a(lib_a-strncmp.o)
 .ARM.attributes
                0x0000000000000807       0x2c /Users/pscan/opt/gcc-arm-none-eabi-7-2017-q4-major/bin/../lib/gcc/arm-none-eabi/7.2.1/../../../../arm-none-eabi/lib/thumb/v6-m/libg_nano.a(lib_a-mlock.o)
 .ARM.attributes
                0x0000000000000833       0x2c /Users/pscan/opt/gcc-arm-none-eabi-7-2017-q4-major/bin/../lib/gcc/arm-none-eabi/7.2.1/../../../../arm-none-eabi/lib/thumb/v6-m/libg_nano.a(lib_a-nano-reallocr.o)
 .ARM.attributes
                0x000000000000085f       0x2c /Users/pscan/opt/gcc-arm-none-eabi-7-2017-q4-major/bin/../lib/gcc/arm-none-eabi/7.2.1/../../../../arm-none-eabi/lib/thumb/v6-m/libg_nano.a(lib_a-nano-svfprintf.o)
 .ARM.attributes
                0x000000000000088b       0x2c /Users/pscan/opt/gcc-arm-none-eabi-7-2017-q4-major/bin/../lib/gcc/arm-none-eabi/7.2.1/../../../../arm-none-eabi/lib/thumb/v6-m/libg_nano.a(lib_a-nano-vfprintf_i.o)
 .ARM.attributes
                0x00000000000008b7       0x2c /Users/pscan/opt/gcc-arm-none-eabi-7-2017-q4-major/bin/../lib/gcc/arm-none-eabi/7.2.1/../../../../arm-none-eabi/lib/thumb/v6-m/libg_nano.a(lib_a-memchr-stub.o)
 .ARM.attributes
                0x00000000000008e3       0x2c /Users/pscan/opt/gcc-arm-none-eabi-7-2017-q4-major/bin/../lib/gcc/arm-none-eabi/7.2.1/../../../../arm-none-eabi/lib/thumb/v6-m/libg_nano.a(lib_a-memmove.o)
 .ARM.attributes
                0x000000000000090f       0x2c /Users/pscan/opt/gcc-arm-none-eabi-7-2017-q4-major/bin/../lib/gcc/arm-none-eabi/7.2.1/../../../../arm-none-eabi/lib/thumb/v6-m/libg_nano.a(lib_a-nano-msizer.o)

.debug
 *(.debug)

.line
 *(.line)

.debug_srcinfo
 *(.debug_srcinfo)

.debug_sfnames
 *(.debug_sfnames)

.debug_aranges  0x0000000000000000      0xd88
 *(.debug_aranges)
 .debug_aranges
                0x0000000000000000      0x108 ./system/src/stm32f0-stdperiph/stm32f0xx_adc.o
 .debug_aranges
                0x0000000000000108       0x70 ./system/src/stm32f0-stdperiph/stm32f0xx_dma.o
 .debug_aranges
                0x0000000000000178       0x80 ./system/src/stm32f0-stdperiph/stm32f0xx_gpio.o
 .debug_aranges
                0x00000000000001f8       0x30 ./system/src/stm32f0-stdperiph/stm32f0xx_misc.o
 .debug_aranges
                0x0000000000000228      0x160 ./system/src/stm32f0-stdperiph/stm32f0xx_rcc.o
 .debug_aranges
                0x0000000000000388      0x110 ./system/src/stm32f0-stdperiph/stm32f0xx_spi.o
 .debug_aranges
                0x0000000000000498      0x1a0 ./system/src/stm32f0-stdperiph/stm32f0xx_usart.o
 .debug_aranges
                0x0000000000000638       0x28 ./system/src/newlib/_exit.o
 .debug_aranges
                0x0000000000000660       0x20 ./system/src/newlib/_sbrk.o
 .debug_aranges
                0x0000000000000680       0x40 ./system/src/newlib/_startup.o
 .debug_aranges
                0x00000000000006c0       0xd0 ./system/src/newlib/_syscalls.o
 .debug_aranges
                0x0000000000000790       0x28 ./system/src/newlib/assert.o
 .debug_aranges
                0x00000000000007b8       0x20 ./system/src/cortexm/_initialize_hardware.o
 .debug_aranges
                0x00000000000007d8       0x48 ./system/src/cortexm/exception_handlers.o
 .debug_aranges
                0x0000000000000820       0x30 ./system/src/cmsis/system_stm32f0xx.o
 .debug_aranges
                0x0000000000000850       0x20 ./system/src/cmsis/vectors_stm32f0xx.o
 .debug_aranges
                0x0000000000000870       0xa8 ./src/OSC/OSCData.o
 .debug_aranges
                0x0000000000000918       0x48 ./src/OSC/OSCMatch.o
 .debug_aranges
                0x0000000000000960      0x180 ./src/OSC/OSCMessage.o
 .debug_aranges
                0x0000000000000ae0       0x38 ./src/OSC/SimpleWriter.o
 .debug_aranges
                0x0000000000000b18       0x20 ./src/BlinkLed.o
 .debug_aranges
                0x0000000000000b38       0x58 ./src/SLIPEncodedSerial.o
 .debug_aranges
                0x0000000000000b90       0x48 ./src/Timer.o
 .debug_aranges
                0x0000000000000bd8       0xa0 ./src/main.o
 .debug_aranges
                0x0000000000000c78       0x28 ./src/spi.o
 .debug_aranges
                0x0000000000000ca0       0xa0 ./src/ssd1306.o
 .debug_aranges
                0x0000000000000d40       0x48 ./src/uart.o

.debug_pubnames
 *(.debug_pubnames)

.debug_info     0x0000000000000000    0x19077
 *(.debug_info .gnu.linkonce.wi.*)
 .debug_info    0x0000000000000000      0xfcf ./system/src/stm32f0-stdperiph/stm32f0xx_adc.o
 .debug_info    0x0000000000000fcf      0x6d7 ./system/src/stm32f0-stdperiph/stm32f0xx_dma.o
 .debug_info    0x00000000000016a6      0xa36 ./system/src/stm32f0-stdperiph/stm32f0xx_gpio.o
 .debug_info    0x00000000000020dc      0x405 ./system/src/stm32f0-stdperiph/stm32f0xx_misc.o
 .debug_info    0x00000000000024e1      0xf45 ./system/src/stm32f0-stdperiph/stm32f0xx_rcc.o
 .debug_info    0x0000000000003426     0x1244 ./system/src/stm32f0-stdperiph/stm32f0xx_spi.o
 .debug_info    0x000000000000466a     0x1aeb ./system/src/stm32f0-stdperiph/stm32f0xx_usart.o
 .debug_info    0x0000000000006155      0x94a ./system/src/newlib/_exit.o
 .debug_info    0x0000000000006a9f      0x942 ./system/src/newlib/_sbrk.o
 .debug_info    0x00000000000073e1      0x41e ./system/src/newlib/_startup.o
 .debug_info    0x00000000000077ff     0x11b2 ./system/src/newlib/_syscalls.o
 .debug_info    0x00000000000089b1      0x9de ./system/src/newlib/assert.o
 .debug_info    0x000000000000938f       0xbb ./system/src/cortexm/_initialize_hardware.o
 .debug_info    0x000000000000944a       0xa9 ./system/src/cortexm/exception_handlers.o
 .debug_info    0x00000000000094f3      0x314 ./system/src/cmsis/system_stm32f0xx.o
 .debug_info    0x0000000000009807       0x8b ./system/src/cmsis/vectors_stm32f0xx.o
 .debug_info    0x0000000000009892     0x1a0b ./src/OSC/OSCData.o
 .debug_info    0x000000000000b29d      0xcd4 ./src/OSC/OSCMatch.o
 .debug_info    0x000000000000bf71     0x4a36 ./src/OSC/OSCMessage.o
 .debug_info    0x00000000000109a7      0xa62 ./src/OSC/SimpleWriter.o
 .debug_info    0x0000000000011409      0x3ef ./src/BlinkLed.o
 .debug_info    0x00000000000117f8      0x55d ./src/SLIPEncodedSerial.o
 .debug_info    0x0000000000011d55      0x48b ./src/Timer.o
 .debug_info    0x00000000000121e0     0x500c ./src/main.o
 .debug_info    0x00000000000171ec      0x6a3 ./src/spi.o
 .debug_info    0x000000000001788f      0xf69 ./src/ssd1306.o
 .debug_info    0x00000000000187f8      0x87f ./src/uart.o

.debug_abbrev   0x0000000000000000     0x3c61
 *(.debug_abbrev)
 .debug_abbrev  0x0000000000000000      0x1c5 ./system/src/stm32f0-stdperiph/stm32f0xx_adc.o
 .debug_abbrev  0x00000000000001c5      0x1a2 ./system/src/stm32f0-stdperiph/stm32f0xx_dma.o
 .debug_abbrev  0x0000000000000367      0x1eb ./system/src/stm32f0-stdperiph/stm32f0xx_gpio.o
 .debug_abbrev  0x0000000000000552      0x17a ./system/src/stm32f0-stdperiph/stm32f0xx_misc.o
 .debug_abbrev  0x00000000000006cc      0x24a ./system/src/stm32f0-stdperiph/stm32f0xx_rcc.o
 .debug_abbrev  0x0000000000000916      0x1fa ./system/src/stm32f0-stdperiph/stm32f0xx_spi.o
 .debug_abbrev  0x0000000000000b10      0x1dc ./system/src/stm32f0-stdperiph/stm32f0xx_usart.o
 .debug_abbrev  0x0000000000000cec      0x1f5 ./system/src/newlib/_exit.o
 .debug_abbrev  0x0000000000000ee1      0x1fc ./system/src/newlib/_sbrk.o
 .debug_abbrev  0x00000000000010dd      0x1a4 ./system/src/newlib/_startup.o
 .debug_abbrev  0x0000000000001281      0x28c ./system/src/newlib/_syscalls.o
 .debug_abbrev  0x000000000000150d      0x201 ./system/src/newlib/assert.o
 .debug_abbrev  0x000000000000170e       0x81 ./system/src/cortexm/_initialize_hardware.o
 .debug_abbrev  0x000000000000178f       0x68 ./system/src/cortexm/exception_handlers.o
 .debug_abbrev  0x00000000000017f7      0x166 ./system/src/cmsis/system_stm32f0xx.o
 .debug_abbrev  0x000000000000195d       0x92 ./system/src/cmsis/vectors_stm32f0xx.o
 .debug_abbrev  0x00000000000019ef      0x499 ./src/OSC/OSCData.o
 .debug_abbrev  0x0000000000001e88      0x295 ./src/OSC/OSCMatch.o
 .debug_abbrev  0x000000000000211d      0x6ba ./src/OSC/OSCMessage.o
 .debug_abbrev  0x00000000000027d7      0x29a ./src/OSC/SimpleWriter.o
 .debug_abbrev  0x0000000000002a71      0x163 ./src/BlinkLed.o
 .debug_abbrev  0x0000000000002bd4      0x224 ./src/SLIPEncodedSerial.o
 .debug_abbrev  0x0000000000002df8      0x1e7 ./src/Timer.o
 .debug_abbrev  0x0000000000002fdf      0x6ef ./src/main.o
 .debug_abbrev  0x00000000000036ce      0x16a ./src/spi.o
 .debug_abbrev  0x0000000000003838      0x244 ./src/ssd1306.o
 .debug_abbrev  0x0000000000003a7c      0x1e5 ./src/uart.o

.debug_line     0x0000000000000000     0xa8f7
 *(.debug_line)
 .debug_line    0x0000000000000000      0x9b4 ./system/src/stm32f0-stdperiph/stm32f0xx_adc.o
 .debug_line    0x00000000000009b4      0x821 ./system/src/stm32f0-stdperiph/stm32f0xx_dma.o
 .debug_line    0x00000000000011d5      0x858 ./system/src/stm32f0-stdperiph/stm32f0xx_gpio.o
 .debug_line    0x0000000000001a2d      0x4e7 ./system/src/stm32f0-stdperiph/stm32f0xx_misc.o
 .debug_line    0x0000000000001f14      0xb2b ./system/src/stm32f0-stdperiph/stm32f0xx_rcc.o
 .debug_line    0x0000000000002a3f      0xaed ./system/src/stm32f0-stdperiph/stm32f0xx_spi.o
 .debug_line    0x000000000000352c      0xfcd ./system/src/stm32f0-stdperiph/stm32f0xx_usart.o
 .debug_line    0x00000000000044f9      0x341 ./system/src/newlib/_exit.o
 .debug_line    0x000000000000483a      0x2f7 ./system/src/newlib/_sbrk.o
 .debug_line    0x0000000000004b31      0x3bb ./system/src/newlib/_startup.o
 .debug_line    0x0000000000004eec      0x587 ./system/src/newlib/_syscalls.o
 .debug_line    0x0000000000005473      0x373 ./system/src/newlib/assert.o
 .debug_line    0x00000000000057e6      0x48f ./system/src/cortexm/_initialize_hardware.o
 .debug_line    0x0000000000005c75       0x97 ./system/src/cortexm/exception_handlers.o
 .debug_line    0x0000000000005d0c      0x4eb ./system/src/cmsis/system_stm32f0xx.o
 .debug_line    0x00000000000061f7       0x89 ./system/src/cmsis/vectors_stm32f0xx.o
 .debug_line    0x0000000000006280      0x62e ./src/OSC/OSCData.o
 .debug_line    0x00000000000068ae      0x447 ./src/OSC/OSCMatch.o
 .debug_line    0x0000000000006cf5      0xbed ./src/OSC/OSCMessage.o
 .debug_line    0x00000000000078e2      0x366 ./src/OSC/SimpleWriter.o
 .debug_line    0x0000000000007c48      0x487 ./src/BlinkLed.o
 .debug_line    0x00000000000080cf      0x565 ./src/SLIPEncodedSerial.o
 .debug_line    0x0000000000008634      0x51c ./src/Timer.o
 .debug_line    0x0000000000008b50      0xd34 ./src/main.o
 .debug_line    0x0000000000009884      0x497 ./src/spi.o
 .debug_line    0x0000000000009d1b      0x6e1 ./src/ssd1306.o
 .debug_line    0x000000000000a3fc      0x4fb ./src/uart.o

.debug_frame    0x0000000000000000     0x288c
 *(.debug_frame)
 .debug_frame   0x0000000000000000      0x32c ./system/src/stm32f0-stdperiph/stm32f0xx_adc.o
 .debug_frame   0x000000000000032c      0x120 ./system/src/stm32f0-stdperiph/stm32f0xx_dma.o
 .debug_frame   0x000000000000044c      0x164 ./system/src/stm32f0-stdperiph/stm32f0xx_gpio.o
 .debug_frame   0x00000000000005b0       0x60 ./system/src/stm32f0-stdperiph/stm32f0xx_misc.o
 .debug_frame   0x0000000000000610      0x3f8 ./system/src/stm32f0-stdperiph/stm32f0xx_rcc.o
 .debug_frame   0x0000000000000a08      0x32c ./system/src/stm32f0-stdperiph/stm32f0xx_spi.o
 .debug_frame   0x0000000000000d34      0x550 ./system/src/stm32f0-stdperiph/stm32f0xx_usart.o
 .debug_frame   0x0000000000001284       0x38 ./system/src/newlib/_exit.o
 .debug_frame   0x00000000000012bc       0x28 ./system/src/newlib/_sbrk.o
 .debug_frame   0x00000000000012e4       0x80 ./system/src/newlib/_startup.o
 .debug_frame   0x0000000000001364      0x230 ./system/src/newlib/_syscalls.o
 .debug_frame   0x0000000000001594       0x40 ./system/src/newlib/assert.o
 .debug_frame   0x00000000000015d4       0x28 ./system/src/cortexm/_initialize_hardware.o
 .debug_frame   0x00000000000015fc       0x78 ./system/src/cortexm/exception_handlers.o
 .debug_frame   0x0000000000001674       0x54 ./system/src/cmsis/system_stm32f0xx.o
 .debug_frame   0x00000000000016c8       0x20 ./system/src/cmsis/vectors_stm32f0xx.o
 .debug_frame   0x00000000000016e8      0x188 ./src/OSC/OSCData.o
 .debug_frame   0x0000000000001870       0xcc ./src/OSC/OSCMatch.o
 .debug_frame   0x000000000000193c      0x4bc ./src/OSC/OSCMessage.o
 .debug_frame   0x0000000000001df8       0x5c ./src/OSC/SimpleWriter.o
 .debug_frame   0x0000000000001e54       0x30 ./src/BlinkLed.o
 .debug_frame   0x0000000000001e84       0xcc ./src/SLIPEncodedSerial.o
 .debug_frame   0x0000000000001f50       0x80 ./src/Timer.o
 .debug_frame   0x0000000000001fd0      0x1ec ./src/main.o
 .debug_frame   0x00000000000021bc       0x4c ./src/spi.o
 .debug_frame   0x0000000000002208      0x1dc ./src/ssd1306.o
 .debug_frame   0x00000000000023e4       0x90 ./src/uart.o
 .debug_frame   0x0000000000002474       0x28 /Users/pscan/opt/gcc-arm-none-eabi-7-2017-q4-major/bin/../lib/gcc/arm-none-eabi/7.2.1/../../../../arm-none-eabi/lib/thumb/v6-m/libstdc++_nano.a(del_op.o)
 .debug_frame   0x000000000000249c       0x28 /Users/pscan/opt/gcc-arm-none-eabi-7-2017-q4-major/bin/../lib/gcc/arm-none-eabi/7.2.1/../../../../arm-none-eabi/lib/thumb/v6-m/libstdc++_nano.a(new_op.o)
 .debug_frame   0x00000000000024c4       0x30 /Users/pscan/opt/gcc-arm-none-eabi-7-2017-q4-major/bin/../lib/gcc/arm-none-eabi/7.2.1/../../../../arm-none-eabi/lib/thumb/v6-m/libstdc++_nano.a(new_handler.o)
 .debug_frame   0x00000000000024f4       0x20 /Users/pscan/opt/gcc-arm-none-eabi-7-2017-q4-major/bin/../lib/gcc/arm-none-eabi/7.2.1/thumb/v6-m/libgcc.a(_udivsi3.o)
 .debug_frame   0x0000000000002514       0x20 /Users/pscan/opt/gcc-arm-none-eabi-7-2017-q4-major/bin/../lib/gcc/arm-none-eabi/7.2.1/../../../../arm-none-eabi/lib/thumb/v6-m/libg_nano.a(lib_a-errno.o)
 .debug_frame   0x0000000000002534       0x40 /Users/pscan/opt/gcc-arm-none-eabi-7-2017-q4-major/bin/../lib/gcc/arm-none-eabi/7.2.1/../../../../arm-none-eabi/lib/thumb/v6-m/libg_nano.a(lib_a-malloc.o)
 .debug_frame   0x0000000000002574       0x28 /Users/pscan/opt/gcc-arm-none-eabi-7-2017-q4-major/bin/../lib/gcc/arm-none-eabi/7.2.1/../../../../arm-none-eabi/lib/thumb/v6-m/libg_nano.a(lib_a-memcpy-stub.o)
 .debug_frame   0x000000000000259c       0x2c /Users/pscan/opt/gcc-arm-none-eabi-7-2017-q4-major/bin/../lib/gcc/arm-none-eabi/7.2.1/../../../../arm-none-eabi/lib/thumb/v6-m/libg_nano.a(lib_a-nano-freer.o)
 .debug_frame   0x00000000000025c8       0x2c /Users/pscan/opt/gcc-arm-none-eabi-7-2017-q4-major/bin/../lib/gcc/arm-none-eabi/7.2.1/../../../../arm-none-eabi/lib/thumb/v6-m/libg_nano.a(lib_a-nano-mallocr.o)
 .debug_frame   0x00000000000025f4       0x28 /Users/pscan/opt/gcc-arm-none-eabi-7-2017-q4-major/bin/../lib/gcc/arm-none-eabi/7.2.1/../../../../arm-none-eabi/lib/thumb/v6-m/libg_nano.a(lib_a-realloc.o)
 .debug_frame   0x000000000000261c       0x2c /Users/pscan/opt/gcc-arm-none-eabi-7-2017-q4-major/bin/../lib/gcc/arm-none-eabi/7.2.1/../../../../arm-none-eabi/lib/thumb/v6-m/libg_nano.a(lib_a-sbrkr.o)
 .debug_frame   0x0000000000002648       0x48 /Users/pscan/opt/gcc-arm-none-eabi-7-2017-q4-major/bin/../lib/gcc/arm-none-eabi/7.2.1/../../../../arm-none-eabi/lib/thumb/v6-m/libg_nano.a(lib_a-sprintf.o)
 .debug_frame   0x0000000000002690       0x20 /Users/pscan/opt/gcc-arm-none-eabi-7-2017-q4-major/bin/../lib/gcc/arm-none-eabi/7.2.1/../../../../arm-none-eabi/lib/thumb/v6-m/libg_nano.a(lib_a-strcmp.o)
 .debug_frame   0x00000000000026b0       0x20 /Users/pscan/opt/gcc-arm-none-eabi-7-2017-q4-major/bin/../lib/gcc/arm-none-eabi/7.2.1/../../../../arm-none-eabi/lib/thumb/v6-m/libg_nano.a(lib_a-strcpy.o)
 .debug_frame   0x00000000000026d0       0x2c /Users/pscan/opt/gcc-arm-none-eabi-7-2017-q4-major/bin/../lib/gcc/arm-none-eabi/7.2.1/../../../../arm-none-eabi/lib/thumb/v6-m/libg_nano.a(lib_a-strncmp.o)
 .debug_frame   0x00000000000026fc       0x30 /Users/pscan/opt/gcc-arm-none-eabi-7-2017-q4-major/bin/../lib/gcc/arm-none-eabi/7.2.1/../../../../arm-none-eabi/lib/thumb/v6-m/libg_nano.a(lib_a-mlock.o)
 .debug_frame   0x000000000000272c       0x30 /Users/pscan/opt/gcc-arm-none-eabi-7-2017-q4-major/bin/../lib/gcc/arm-none-eabi/7.2.1/../../../../arm-none-eabi/lib/thumb/v6-m/libg_nano.a(lib_a-nano-reallocr.o)
 .debug_frame   0x000000000000275c       0x74 /Users/pscan/opt/gcc-arm-none-eabi-7-2017-q4-major/bin/../lib/gcc/arm-none-eabi/7.2.1/../../../../arm-none-eabi/lib/thumb/v6-m/libg_nano.a(lib_a-nano-svfprintf.o)
 .debug_frame   0x00000000000027d0       0x54 /Users/pscan/opt/gcc-arm-none-eabi-7-2017-q4-major/bin/../lib/gcc/arm-none-eabi/7.2.1/../../../../arm-none-eabi/lib/thumb/v6-m/libg_nano.a(lib_a-nano-vfprintf_i.o)
 .debug_frame   0x0000000000002824       0x20 /Users/pscan/opt/gcc-arm-none-eabi-7-2017-q4-major/bin/../lib/gcc/arm-none-eabi/7.2.1/../../../../arm-none-eabi/lib/thumb/v6-m/libg_nano.a(lib_a-memchr-stub.o)
 .debug_frame   0x0000000000002844       0x28 /Users/pscan/opt/gcc-arm-none-eabi-7-2017-q4-major/bin/../lib/gcc/arm-none-eabi/7.2.1/../../../../arm-none-eabi/lib/thumb/v6-m/libg_nano.a(lib_a-memmove.o)
 .debug_frame   0x000000000000286c       0x20 /Users/pscan/opt/gcc-arm-none-eabi-7-2017-q4-major/bin/../lib/gcc/arm-none-eabi/7.2.1/../../../../arm-none-eabi/lib/thumb/v6-m/libg_nano.a(lib_a-nano-msizer.o)

.debug_str      0x0000000000000000    0x4d8de
 *(.debug_str)
 .debug_str     0x0000000000000000    0x3fd7e ./system/src/stm32f0-stdperiph/stm32f0xx_adc.o
                                      0x3ff3e (size before relaxing)
 .debug_str     0x000000000003fd7e      0x4ab ./system/src/stm32f0-stdperiph/stm32f0xx_dma.o
                                      0x3ff7d (size before relaxing)
 .debug_str     0x0000000000040229      0x270 ./system/src/stm32f0-stdperiph/stm32f0xx_gpio.o
                                      0x3fd9f (size before relaxing)
 .debug_str     0x0000000000040499      0x14d ./system/src/stm32f0-stdperiph/stm32f0xx_misc.o
                                      0x3fbf3 (size before relaxing)
 .debug_str     0x00000000000405e6      0x61e ./system/src/stm32f0-stdperiph/stm32f0xx_rcc.o
                                      0x40135 (size before relaxing)
 .debug_str     0x0000000000040c04      0x4fb ./system/src/stm32f0-stdperiph/stm32f0xx_spi.o
                                      0x400ec (size before relaxing)
 .debug_str     0x00000000000410ff      0x7fd ./system/src/stm32f0-stdperiph/stm32f0xx_usart.o
                                      0x403dd (size before relaxing)
 .debug_str     0x00000000000418fc     0x4b80 ./system/src/newlib/_exit.o
                                       0x7e0f (size before relaxing)
 .debug_str     0x000000000004647c      0x4ed ./system/src/newlib/_sbrk.o
                                       0x71c1 (size before relaxing)
 .debug_str     0x0000000000046969      0x246 ./system/src/newlib/_startup.o
                                       0x6889 (size before relaxing)
 .debug_str     0x0000000000046baf     0x1086 ./system/src/newlib/_syscalls.o
                                       0x8335 (size before relaxing)
 .debug_str     0x0000000000047c35       0xd7 ./system/src/newlib/assert.o
                                       0x88cc (size before relaxing)
 .debug_str     0x0000000000047d0c       0x51 ./system/src/cortexm/_initialize_hardware.o
                                      0x3fa8e (size before relaxing)
 .debug_str     0x0000000000047d5d       0xa1 ./system/src/cortexm/exception_handlers.o
                                       0x2cf1 (size before relaxing)
 .debug_str     0x0000000000047dfe       0x6d ./system/src/cmsis/system_stm32f0xx.o
                                      0x3fb6a (size before relaxing)
 .debug_str     0x0000000000047e6b       0x56 ./system/src/cmsis/vectors_stm32f0xx.o
                                       0x2ccb (size before relaxing)
 .debug_str     0x0000000000047ec1     0x3298 ./src/OSC/OSCData.o
                                       0x9d2f (size before relaxing)
 .debug_str     0x000000000004b159      0x16b ./src/OSC/OSCMatch.o
                                       0x6197 (size before relaxing)
 .debug_str     0x000000000004b2c4     0x1104 ./src/OSC/OSCMessage.o
                                       0xb9d0 (size before relaxing)
 .debug_str     0x000000000004c3c8       0x1c ./src/OSC/SimpleWriter.o
                                       0x817f (size before relaxing)
 .debug_str     0x000000000004c3e4      0x25a ./src/BlinkLed.o
                                      0x3fe7e (size before relaxing)
 .debug_str     0x000000000004c63e      0x2d5 ./src/SLIPEncodedSerial.o
                                      0x402a6 (size before relaxing)
 .debug_str     0x000000000004c913      0x266 ./src/Timer.o
                                      0x3fd83 (size before relaxing)
 .debug_str     0x000000000004cb79      0xa21 ./src/main.o
                                      0x49828 (size before relaxing)
 .debug_str     0x000000000004d59a      0x203 ./src/spi.o
                                      0x3ff84 (size before relaxing)
 .debug_str     0x000000000004d79d       0xd4 ./src/ssd1306.o
                                      0x4016c (size before relaxing)
 .debug_str     0x000000000004d871       0x6d ./src/uart.o
                                      0x4028d (size before relaxing)

.debug_loc      0x0000000000000000     0x9eb5
 *(.debug_loc)
 .debug_loc     0x0000000000000000      0xc2b ./system/src/stm32f0-stdperiph/stm32f0xx_adc.o
 .debug_loc     0x0000000000000c2b      0x378 ./system/src/stm32f0-stdperiph/stm32f0xx_dma.o
 .debug_loc     0x0000000000000fa3      0x5bf ./system/src/stm32f0-stdperiph/stm32f0xx_gpio.o
 .debug_loc     0x0000000000001562      0x153 ./system/src/stm32f0-stdperiph/stm32f0xx_misc.o
 .debug_loc     0x00000000000016b5      0xedd ./system/src/stm32f0-stdperiph/stm32f0xx_rcc.o
 .debug_loc     0x0000000000002592      0xd99 ./system/src/stm32f0-stdperiph/stm32f0xx_spi.o
 .debug_loc     0x000000000000332b     0x169b ./system/src/stm32f0-stdperiph/stm32f0xx_usart.o
 .debug_loc     0x00000000000049c6       0x99 ./system/src/newlib/_sbrk.o
 .debug_loc     0x0000000000004a5f      0x19e ./system/src/newlib/_startup.o
 .debug_loc     0x0000000000004bfd      0x549 ./system/src/newlib/_syscalls.o
 .debug_loc     0x0000000000005146       0xc6 ./system/src/newlib/assert.o
 .debug_loc     0x000000000000520c      0x150 ./system/src/cmsis/system_stm32f0xx.o
 .debug_loc     0x000000000000535c      0x605 ./src/OSC/OSCData.o
 .debug_loc     0x0000000000005961      0x75b ./src/OSC/OSCMatch.o
 .debug_loc     0x00000000000060bc     0x2610 ./src/OSC/OSCMessage.o
 .debug_loc     0x00000000000086cc       0x80 ./src/OSC/SimpleWriter.o
 .debug_loc     0x000000000000874c      0x282 ./src/SLIPEncodedSerial.o
 .debug_loc     0x00000000000089ce       0x59 ./src/Timer.o
 .debug_loc     0x0000000000008a27      0xc1e ./src/main.o
 .debug_loc     0x0000000000009645      0x83c ./src/ssd1306.o
 .debug_loc     0x0000000000009e81       0x34 ./src/uart.o

.debug_macinfo
 *(.debug_macinfo)

.debug_weaknames
 *(.debug_weaknames)

.debug_funcnames
 *(.debug_funcnames)

.debug_typenames
 *(.debug_typenames)

.debug_varnames
 *(.debug_varnames)
OUTPUT(Mother_STM32F0.elf elf32-littlearm)

.debug_ranges   0x0000000000000000     0x11b0
 .debug_ranges  0x0000000000000000       0xf8 ./system/src/stm32f0-stdperiph/stm32f0xx_adc.o
 .debug_ranges  0x00000000000000f8       0x60 ./system/src/stm32f0-stdperiph/stm32f0xx_dma.o
 .debug_ranges  0x0000000000000158       0x70 ./system/src/stm32f0-stdperiph/stm32f0xx_gpio.o
 .debug_ranges  0x00000000000001c8       0x20 ./system/src/stm32f0-stdperiph/stm32f0xx_misc.o
 .debug_ranges  0x00000000000001e8      0x150 ./system/src/stm32f0-stdperiph/stm32f0xx_rcc.o
 .debug_ranges  0x0000000000000338      0x100 ./system/src/stm32f0-stdperiph/stm32f0xx_spi.o
 .debug_ranges  0x0000000000000438      0x190 ./system/src/stm32f0-stdperiph/stm32f0xx_usart.o
 .debug_ranges  0x00000000000005c8       0x18 ./system/src/newlib/_exit.o
 .debug_ranges  0x00000000000005e0       0x10 ./system/src/newlib/_sbrk.o
 .debug_ranges  0x00000000000005f0       0x78 ./system/src/newlib/_startup.o
 .debug_ranges  0x0000000000000668       0xc0 ./system/src/newlib/_syscalls.o
 .debug_ranges  0x0000000000000728       0x18 ./system/src/newlib/assert.o
 .debug_ranges  0x0000000000000740       0x10 ./system/src/cortexm/_initialize_hardware.o
 .debug_ranges  0x0000000000000750       0x38 ./system/src/cortexm/exception_handlers.o
 .debug_ranges  0x0000000000000788       0x20 ./system/src/cmsis/system_stm32f0xx.o
 .debug_ranges  0x00000000000007a8       0x10 ./system/src/cmsis/vectors_stm32f0xx.o
 .debug_ranges  0x00000000000007b8       0xe0 ./src/OSC/OSCData.o
 .debug_ranges  0x0000000000000898       0x80 ./src/OSC/OSCMatch.o
 .debug_ranges  0x0000000000000918      0x378 ./src/OSC/OSCMessage.o
 .debug_ranges  0x0000000000000c90       0x28 ./src/OSC/SimpleWriter.o
 .debug_ranges  0x0000000000000cb8       0x10 ./src/BlinkLed.o
 .debug_ranges  0x0000000000000cc8       0x60 ./src/SLIPEncodedSerial.o
 .debug_ranges  0x0000000000000d28       0x38 ./src/Timer.o
 .debug_ranges  0x0000000000000d60      0x370 ./src/main.o
 .debug_ranges  0x00000000000010d0       0x18 ./src/spi.o
 .debug_ranges  0x00000000000010e8       0x90 ./src/ssd1306.o
 .debug_ranges  0x0000000000001178       0x38 ./src/uart.o

.debug_macro    0x0000000000000000     0xfbe4
 .debug_macro   0x0000000000000000      0x1a1 ./system/src/stm32f0-stdperiph/stm32f0xx_adc.o
 .debug_macro   0x00000000000001a1      0xa4e ./system/src/stm32f0-stdperiph/stm32f0xx_adc.o
 .debug_macro   0x0000000000000bef       0x7a ./system/src/stm32f0-stdperiph/stm32f0xx_adc.o
 .debug_macro   0x0000000000000c69       0x3a ./system/src/stm32f0-stdperiph/stm32f0xx_adc.o
 .debug_macro   0x0000000000000ca3       0x22 ./system/src/stm32f0-stdperiph/stm32f0xx_adc.o
 .debug_macro   0x0000000000000cc5       0x87 ./system/src/stm32f0-stdperiph/stm32f0xx_adc.o
 .debug_macro   0x0000000000000d4c       0x51 ./system/src/stm32f0-stdperiph/stm32f0xx_adc.o
 .debug_macro   0x0000000000000d9d       0xef ./system/src/stm32f0-stdperiph/stm32f0xx_adc.o
 .debug_macro   0x0000000000000e8c       0x6a ./system/src/stm32f0-stdperiph/stm32f0xx_adc.o
 .debug_macro   0x0000000000000ef6      0x1df ./system/src/stm32f0-stdperiph/stm32f0xx_adc.o
 .debug_macro   0x00000000000010d5       0x1f ./system/src/stm32f0-stdperiph/stm32f0xx_adc.o
 .debug_macro   0x00000000000010f4      0x242 ./system/src/stm32f0-stdperiph/stm32f0xx_adc.o
 .debug_macro   0x0000000000001336     0x5b9e ./system/src/stm32f0-stdperiph/stm32f0xx_adc.o
 .debug_macro   0x0000000000006ed4      0x3c9 ./system/src/stm32f0-stdperiph/stm32f0xx_adc.o
 .debug_macro   0x000000000000729d      0x191 ./system/src/stm32f0-stdperiph/stm32f0xx_adc.o
 .debug_macro   0x000000000000742e       0x46 ./system/src/stm32f0-stdperiph/stm32f0xx_adc.o
 .debug_macro   0x0000000000007474       0xd9 ./system/src/stm32f0-stdperiph/stm32f0xx_adc.o
 .debug_macro   0x000000000000754d       0xef ./system/src/stm32f0-stdperiph/stm32f0xx_adc.o
 .debug_macro   0x000000000000763c      0x184 ./system/src/stm32f0-stdperiph/stm32f0xx_adc.o
 .debug_macro   0x00000000000077c0       0x7c ./system/src/stm32f0-stdperiph/stm32f0xx_adc.o
 .debug_macro   0x000000000000783c      0x295 ./system/src/stm32f0-stdperiph/stm32f0xx_adc.o
 .debug_macro   0x0000000000007ad1       0xd7 ./system/src/stm32f0-stdperiph/stm32f0xx_adc.o
 .debug_macro   0x0000000000007ba8      0x23d ./system/src/stm32f0-stdperiph/stm32f0xx_adc.o
 .debug_macro   0x0000000000007de5      0x185 ./system/src/stm32f0-stdperiph/stm32f0xx_adc.o
 .debug_macro   0x0000000000007f6a      0x184 ./system/src/stm32f0-stdperiph/stm32f0xx_adc.o
 .debug_macro   0x00000000000080ee      0x2a0 ./system/src/stm32f0-stdperiph/stm32f0xx_adc.o
 .debug_macro   0x000000000000838e       0x70 ./system/src/stm32f0-stdperiph/stm32f0xx_adc.o
 .debug_macro   0x00000000000083fe       0xdf ./system/src/stm32f0-stdperiph/stm32f0xx_adc.o
 .debug_macro   0x00000000000084dd      0x4e3 ./system/src/stm32f0-stdperiph/stm32f0xx_adc.o
 .debug_macro   0x00000000000089c0      0x4c5 ./system/src/stm32f0-stdperiph/stm32f0xx_adc.o
 .debug_macro   0x0000000000008e85      0x397 ./system/src/stm32f0-stdperiph/stm32f0xx_adc.o
 .debug_macro   0x000000000000921c      0x750 ./system/src/stm32f0-stdperiph/stm32f0xx_adc.o
 .debug_macro   0x000000000000996c      0x353 ./system/src/stm32f0-stdperiph/stm32f0xx_adc.o
 .debug_macro   0x0000000000009cbf       0x34 ./system/src/stm32f0-stdperiph/stm32f0xx_adc.o
 .debug_macro   0x0000000000009cf3       0x3a ./system/src/stm32f0-stdperiph/stm32f0xx_adc.o
 .debug_macro   0x0000000000009d2d      0x2ec ./system/src/stm32f0-stdperiph/stm32f0xx_adc.o
 .debug_macro   0x000000000000a019      0x1c5 ./system/src/stm32f0-stdperiph/stm32f0xx_dma.o
 .debug_macro   0x000000000000a1de      0x3cf ./system/src/stm32f0-stdperiph/stm32f0xx_dma.o
 .debug_macro   0x000000000000a5ad      0x28f ./system/src/stm32f0-stdperiph/stm32f0xx_dma.o
 .debug_macro   0x000000000000a83c      0x195 ./system/src/stm32f0-stdperiph/stm32f0xx_gpio.o
 .debug_macro   0x000000000000a9d1      0x17f ./system/src/stm32f0-stdperiph/stm32f0xx_gpio.o
 .debug_macro   0x000000000000ab50      0x195 ./system/src/stm32f0-stdperiph/stm32f0xx_misc.o
 .debug_macro   0x000000000000ace5       0x34 ./system/src/stm32f0-stdperiph/stm32f0xx_misc.o
 .debug_macro   0x000000000000ad19      0x1b3 ./system/src/stm32f0-stdperiph/stm32f0xx_rcc.o
 .debug_macro   0x000000000000aecc      0x4dd ./system/src/stm32f0-stdperiph/stm32f0xx_rcc.o
 .debug_macro   0x000000000000b3a9      0x1ad ./system/src/stm32f0-stdperiph/stm32f0xx_spi.o
 .debug_macro   0x000000000000b556      0x391 ./system/src/stm32f0-stdperiph/stm32f0xx_spi.o
 .debug_macro   0x000000000000b8e7      0x1ad ./system/src/stm32f0-stdperiph/stm32f0xx_usart.o
 .debug_macro   0x000000000000ba94      0x34d ./system/src/stm32f0-stdperiph/stm32f0xx_usart.o
 .debug_macro   0x000000000000bde1      0x1b4 ./system/src/newlib/_exit.o
 .debug_macro   0x000000000000bf95       0x9c ./system/src/newlib/_exit.o
 .debug_macro   0x000000000000c031      0x10e ./system/src/newlib/_exit.o
 .debug_macro   0x000000000000c13f       0x8d ./system/src/newlib/_exit.o
 .debug_macro   0x000000000000c1cc       0x43 ./system/src/newlib/_exit.o
 .debug_macro   0x000000000000c20f      0x330 ./system/src/newlib/_exit.o
 .debug_macro   0x000000000000c53f       0x35 ./system/src/newlib/_exit.o
 .debug_macro   0x000000000000c574      0x169 ./system/src/newlib/_sbrk.o
 .debug_macro   0x000000000000c6dd      0x174 ./system/src/newlib/_sbrk.o
 .debug_macro   0x000000000000c851       0x10 ./system/src/newlib/_sbrk.o
 .debug_macro   0x000000000000c861      0x23b ./system/src/newlib/_sbrk.o
 .debug_macro   0x000000000000ca9c      0x188 ./system/src/newlib/_startup.o
 .debug_macro   0x000000000000cc24       0x58 ./system/src/newlib/_startup.o
 .debug_macro   0x000000000000cc7c      0x217 ./system/src/newlib/_syscalls.o
 .debug_macro   0x000000000000ce93       0x1c ./system/src/newlib/_syscalls.o
 .debug_macro   0x000000000000ceaf       0x10 ./system/src/newlib/_syscalls.o
 .debug_macro   0x000000000000cebf       0x10 ./system/src/newlib/_syscalls.o
 .debug_macro   0x000000000000cecf       0x10 ./system/src/newlib/_syscalls.o
 .debug_macro   0x000000000000cedf       0x35 ./system/src/newlib/_syscalls.o
 .debug_macro   0x000000000000cf14      0x122 ./system/src/newlib/_syscalls.o
 .debug_macro   0x000000000000d036       0x88 ./system/src/newlib/_syscalls.o
 .debug_macro   0x000000000000d0be       0x2b ./system/src/newlib/_syscalls.o
 .debug_macro   0x000000000000d0e9      0x118 ./system/src/newlib/_syscalls.o
 .debug_macro   0x000000000000d201      0x189 ./system/src/newlib/_syscalls.o
 .debug_macro   0x000000000000d38a       0x16 ./system/src/newlib/_syscalls.o
 .debug_macro   0x000000000000d3a0      0x1df ./system/src/newlib/assert.o
 .debug_macro   0x000000000000d57f       0x1c ./system/src/newlib/assert.o
 .debug_macro   0x000000000000d59b      0x195 ./system/src/cortexm/_initialize_hardware.o